Archive member included to satisfy reference by file (symbol)

/home/maxime/Bureau/IMERIR-2019/gcc-arm-none-eabi-9-2019-q4-major/bin/../lib/gcc/arm-none-eabi/9.2.1/../../../../arm-none-eabi/lib/thumb/v7e-m+fp/hard/libc_nano.a(lib_a-exit.o)
                              /home/maxime/Bureau/IMERIR-2019/gcc-arm-none-eabi-9-2019-q4-major/bin/../lib/gcc/arm-none-eabi/9.2.1/../../../../arm-none-eabi/lib/thumb/v7e-m+fp/hard/crt0.o (exit)
/home/maxime/Bureau/IMERIR-2019/gcc-arm-none-eabi-9-2019-q4-major/bin/../lib/gcc/arm-none-eabi/9.2.1/../../../../arm-none-eabi/lib/thumb/v7e-m+fp/hard/libc_nano.a(lib_a-impure.o)
                              /home/maxime/Bureau/IMERIR-2019/gcc-arm-none-eabi-9-2019-q4-major/bin/../lib/gcc/arm-none-eabi/9.2.1/../../../../arm-none-eabi/lib/thumb/v7e-m+fp/hard/libc_nano.a(lib_a-exit.o) (_global_impure_ptr)
/home/maxime/Bureau/IMERIR-2019/gcc-arm-none-eabi-9-2019-q4-major/bin/../lib/gcc/arm-none-eabi/9.2.1/../../../../arm-none-eabi/lib/thumb/v7e-m+fp/hard/libc_nano.a(lib_a-init.o)
                              /home/maxime/Bureau/IMERIR-2019/gcc-arm-none-eabi-9-2019-q4-major/bin/../lib/gcc/arm-none-eabi/9.2.1/../../../../arm-none-eabi/lib/thumb/v7e-m+fp/hard/crt0.o (__libc_init_array)
/home/maxime/Bureau/IMERIR-2019/gcc-arm-none-eabi-9-2019-q4-major/bin/../lib/gcc/arm-none-eabi/9.2.1/../../../../arm-none-eabi/lib/thumb/v7e-m+fp/hard/libc_nano.a(lib_a-memset.o)
                              /home/maxime/Bureau/IMERIR-2019/gcc-arm-none-eabi-9-2019-q4-major/bin/../lib/gcc/arm-none-eabi/9.2.1/../../../../arm-none-eabi/lib/thumb/v7e-m+fp/hard/crt0.o (memset)
/home/maxime/Bureau/IMERIR-2019/gcc-arm-none-eabi-9-2019-q4-major/bin/../lib/gcc/arm-none-eabi/9.2.1/thumb/v7e-m+fp/hard/libgcc.a(_arm_addsubdf3.o)
                              ./build/read_data_simple.o (__aeabi_f2d)
/home/maxime/Bureau/IMERIR-2019/gcc-arm-none-eabi-9-2019-q4-major/bin/../lib/gcc/arm-none-eabi/9.2.1/thumb/v7e-m+fp/hard/libgcc.a(_aeabi_ldivmod.o)
                              ./build/stm32l4xx_hal_uart.o (__aeabi_ldivmod)
/home/maxime/Bureau/IMERIR-2019/gcc-arm-none-eabi-9-2019-q4-major/bin/../lib/gcc/arm-none-eabi/9.2.1/thumb/v7e-m+fp/hard/libgcc.a(_aeabi_uldivmod.o)
                              ./build/stm32l4xx_hal_uart.o (__aeabi_uldivmod)
/home/maxime/Bureau/IMERIR-2019/gcc-arm-none-eabi-9-2019-q4-major/bin/../lib/gcc/arm-none-eabi/9.2.1/thumb/v7e-m+fp/hard/libgcc.a(_udivmoddi4.o)
                              /home/maxime/Bureau/IMERIR-2019/gcc-arm-none-eabi-9-2019-q4-major/bin/../lib/gcc/arm-none-eabi/9.2.1/thumb/v7e-m+fp/hard/libgcc.a(_aeabi_ldivmod.o) (__udivmoddi4)
/home/maxime/Bureau/IMERIR-2019/gcc-arm-none-eabi-9-2019-q4-major/bin/../lib/gcc/arm-none-eabi/9.2.1/thumb/v7e-m+fp/hard/libgcc.a(_dvmd_tls.o)
                              /home/maxime/Bureau/IMERIR-2019/gcc-arm-none-eabi-9-2019-q4-major/bin/../lib/gcc/arm-none-eabi/9.2.1/thumb/v7e-m+fp/hard/libgcc.a(_aeabi_ldivmod.o) (__aeabi_ldiv0)
/home/maxime/Bureau/IMERIR-2019/gcc-arm-none-eabi-9-2019-q4-major/bin/../lib/gcc/arm-none-eabi/9.2.1/../../../../arm-none-eabi/lib/thumb/v7e-m+fp/hard/libc_nano.a(lib_a-sprintf.o)
                              ./build/read_data_simple.o (sprintf)
/home/maxime/Bureau/IMERIR-2019/gcc-arm-none-eabi-9-2019-q4-major/bin/../lib/gcc/arm-none-eabi/9.2.1/../../../../arm-none-eabi/lib/thumb/v7e-m+fp/hard/libc_nano.a(lib_a-strlen.o)
                              ./build/read_data_simple.o (strlen)
/home/maxime/Bureau/IMERIR-2019/gcc-arm-none-eabi-9-2019-q4-major/bin/../lib/gcc/arm-none-eabi/9.2.1/../../../../arm-none-eabi/lib/thumb/v7e-m+fp/hard/libc_nano.a(lib_a-nano-svfprintf.o)
                              /home/maxime/Bureau/IMERIR-2019/gcc-arm-none-eabi-9-2019-q4-major/bin/../lib/gcc/arm-none-eabi/9.2.1/../../../../arm-none-eabi/lib/thumb/v7e-m+fp/hard/libc_nano.a(lib_a-sprintf.o) (_svfprintf_r)
/home/maxime/Bureau/IMERIR-2019/gcc-arm-none-eabi-9-2019-q4-major/bin/../lib/gcc/arm-none-eabi/9.2.1/../../../../arm-none-eabi/lib/thumb/v7e-m+fp/hard/libc_nano.a(lib_a-nano-vfprintf_i.o)
                              /home/maxime/Bureau/IMERIR-2019/gcc-arm-none-eabi-9-2019-q4-major/bin/../lib/gcc/arm-none-eabi/9.2.1/../../../../arm-none-eabi/lib/thumb/v7e-m+fp/hard/libc_nano.a(lib_a-nano-svfprintf.o) (_printf_i)
/home/maxime/Bureau/IMERIR-2019/gcc-arm-none-eabi-9-2019-q4-major/bin/../lib/gcc/arm-none-eabi/9.2.1/../../../../arm-none-eabi/lib/thumb/v7e-m+fp/hard/libc_nano.a(lib_a-memchr.o)
                              /home/maxime/Bureau/IMERIR-2019/gcc-arm-none-eabi-9-2019-q4-major/bin/../lib/gcc/arm-none-eabi/9.2.1/../../../../arm-none-eabi/lib/thumb/v7e-m+fp/hard/libc_nano.a(lib_a-nano-svfprintf.o) (memchr)
/home/maxime/Bureau/IMERIR-2019/gcc-arm-none-eabi-9-2019-q4-major/bin/../lib/gcc/arm-none-eabi/9.2.1/../../../../arm-none-eabi/lib/thumb/v7e-m+fp/hard/libc_nano.a(lib_a-memcpy-stub.o)
[...]
Memory Configuration

Name             Origin             Length             Attributes
FLASH            0x0000000008000000 0x0000000000100000 xr
RAM              0x0000000020000000 0x0000000000018000 xrw
*default*        0x0000000000000000 0xffffffffffffffff

Linker script and memory map

LOAD /home/maxime/Bureau/IMERIR-2019/gcc-arm-none-eabi-9-2019-q4-major/bin/../lib/gcc/arm-none-eabi/9.2.1/thumb/v7e-m+fp/hard/crti.o
LOAD /home/maxime/Bureau/IMERIR-2019/gcc-arm-none-eabi-9-2019-q4-major/bin/../lib/gcc/arm-none-eabi/9.2.1/thumb/v7e-m+fp/hard/crtbegin.o
LOAD /home/maxime/Bureau/IMERIR-2019/gcc-arm-none-eabi-9-2019-q4-major/bin/../lib/gcc/arm-none-eabi/9.2.1/../../../../arm-none-eabi/lib/thumb/v7e-m+fp/hard/crt0.o
START GROUP
LOAD /home/maxime/Bureau/IMERIR-2019/gcc-arm-none-eabi-9-2019-q4-major/bin/../lib/gcc/arm-none-eabi/9.2.1/../../../../arm-none-eabi/lib/thumb/v7e-m+fp/hard/libc_nano.a
LOAD /home/maxime/Bureau/IMERIR-2019/gcc-arm-none-eabi-9-2019-q4-major/bin/../lib/gcc/arm-none-eabi/9.2.1/../../../../arm-none-eabi/lib/thumb/v7e-m+fp/hard/libm.a
END GROUP
LOAD ./build/main.o
LOAD ./build/read_data_simple.o
LOAD ./build/stm32l4xx_nucleo.o
LOAD ./build/lsm6dso_reg.o
LOAD ./build/stm32l4xx_hal_i2c_ex.o
LOAD ./build/stm32l4xx_hal.o
LOAD ./build/stm32l4xx_hal_cortex.o
LOAD ./build/stm32l4xx_hal_rcc.o
LOAD ./build/stm32l4xx_hal_pwr_ex.o
LOAD ./build/stm32l4xx_hal_gpio.o
LOAD ./build/stm32l4xx_hal_pwr.o
LOAD ./build/stm32l4xx_hal_uart.o
LOAD ./build/stm32l4xx_hal_dma.o
LOAD ./build/stm32l4xx_hal_uart_ex.o
LOAD ./build/stm32l4xx_hal_wwdg.o
LOAD ./build/stm32l4xx_hal_i2c.o
LOAD ./build/system_stm32l4xx.o
LOAD build/stm32l476_startup.o
START GROUP
LOAD /home/maxime/Bureau/IMERIR-2019/gcc-arm-none-eabi-9-2019-q4-major/bin/../lib/gcc/arm-none-eabi/9.2.1/thumb/v7e-m+fp/hard/libgcc.a
LOAD /home/maxime/Bureau/IMERIR-2019/gcc-arm-none-eabi-9-2019-q4-major/bin/../lib/gcc/arm-none-eabi/9.2.1/../../../../arm-none-eabi/lib/thumb/v7e-m+fp/hard/libc_nano.a
END GROUP
START GROUP
LOAD /home/maxime/Bureau/IMERIR-2019/gcc-arm-none-eabi-9-2019-q4-major/bin/../lib/gcc/arm-none-eabi/9.2.1/thumb/v7e-m+fp/hard/libgcc.a
LOAD /home/maxime/Bureau/IMERIR-2019/gcc-arm-none-eabi-9-2019-q4-major/bin/../lib/gcc/arm-none-eabi/9.2.1/../../../../arm-none-eabi/lib/thumb/v7e-m+fp/hard/libc_nano.a
LOAD /home/maxime/Bureau/IMERIR-2019/gcc-arm-none-eabi-9-2019-q4-major/bin/../lib/gcc/arm-none-eabi/9.2.1/../../../../arm-none-eabi/lib/thumb/v7e-m+fp/hard/libnosys.a
END GROUP
START GROUP
LOAD /home/maxime/Bureau/IMERIR-2019/gcc-arm-none-eabi-9-2019-q4-major/bin/../lib/gcc/arm-none-eabi/9.2.1/thumb/v7e-m+fp/hard/libgcc.a
LOAD /home/maxime/Bureau/IMERIR-2019/gcc-arm-none-eabi-9-2019-q4-major/bin/../lib/gcc/arm-none-eabi/9.2.1/../../../../arm-none-eabi/lib/thumb/v7e-m+fp/hard/libc_nano.a
LOAD /home/maxime/Bureau/IMERIR-2019/gcc-arm-none-eabi-9-2019-q4-major/bin/../lib/gcc/arm-none-eabi/9.2.1/../../../../arm-none-eabi/lib/thumb/v7e-m+fp/hard/libnosys.a
END GROUP
LOAD /home/maxime/Bureau/IMERIR-2019/gcc-arm-none-eabi-9-2019-q4-major/bin/../lib/gcc/arm-none-eabi/9.2.1/thumb/v7e-m+fp/hard/crtend.o
LOAD /home/maxime/Bureau/IMERIR-2019/gcc-arm-none-eabi-9-2019-q4-major/bin/../lib/gcc/arm-none-eabi/9.2.1/thumb/v7e-m+fp/hard/crtn.o
                0x0000000020018000                _estack = 0x20018000
                0x0000000000000200                _Min_Heap_Size = 0x200
                0x0000000000000400                _Min_Stack_Size = 0x400

.isr_vector     0x0000000008000000      0x188
                0x0000000008000000                . = ALIGN (0x8)
 *(.isr_vector)
 .isr_vector    0x0000000008000000      0x188 build/stm32l476_startup.o
                0x0000000008000000                g_pfnVectors
                0x0000000008000188                . = ALIGN (0x8)

.text           0x0000000008000190     0xbf30
                0x0000000008000190                . = ALIGN (0x8)
 *(.text)
 .text          0x0000000008000190        0x0 /home/maxime/Bureau/IMERIR-2019/gcc-arm-none-eabi-9-2019-q4-major/bin/../lib/gcc/arm-none-eabi/9.2.1/thumb/v7e-m+fp/hard/crti.o
 .text          0x0000000008000190       0x40 /home/maxime/Bureau/IMERIR-2019/gcc-arm-none-eabi-9-2019-q4-major/bin/../lib/gcc/arm-none-eabi/9.2.1/thumb/v7e-m+fp/hard/crtbegin.o
 .text          0x00000000080001d0       0x74 /home/maxime/Bureau/IMERIR-2019/gcc-arm-none-eabi-9-2019-q4-major/bin/../lib/gcc/arm-none-eabi/9.2.1/../../../../arm-none-eabi/lib/thumb/v7e-m+fp/hard/crt0.o
                0x00000000080001d0                _mainCRTStartup
                0x00000000080001d0                _start
 .text          0x0000000008000244        0x0 /home/maxime/Bureau/IMERIR-2019/gcc-arm-none-eabi-9-2019-q4-major/bin/../lib/gcc/arm-none-eabi/9.2.1/../../../../arm-none-eabi/lib/thumb/v7e-m+fp/hard/libc_nano.a(lib_a-exit.o)
 .text          0x0000000008000244        0x0 /home/maxime/Bureau/IMERIR-2019/gcc-arm-none-eabi-9-2019-q4-major/bin/../lib/gcc/arm-none-eabi/9.2.1/../../../../arm-none-eabi/lib/thumb/v7e-m+fp/hard/libc_nano.a(lib_a-impure.o)
 .text          0x0000000008000244        0x0 /home/maxime/Bureau/IMERIR-2019/gcc-arm-none-eabi-9-2019-q4-major/bin/../lib/gcc/arm-none-eabi/9.2.1/../../../../arm-none-eabi/lib/thumb/v7e-m+fp/hard/libc_nano.a(lib_a-init.o)
 .text          0x0000000008000244        0x0 /home/maxime/Bureau/IMERIR-2019/gcc-arm-none-eabi-9-2019-q4-major/bin/../lib/gcc/arm-none-eabi/9.2.1/../../../../arm-none-eabi/lib/thumb/v7e-m+fp/hard/libc_nano.a(lib_a-memset.o)
 .text          0x0000000008000244        0x0 ./build/main.o
 .text          0x0000000008000244        0x0 ./build/read_data_simple.o
 .text          0x0000000008000244        0x0 ./build/stm32l4xx_nucleo.o
 .text          0x0000000008000244        0x0 ./build/lsm6dso_reg.o
 .text          0x0000000008000244        0x0 ./build/stm32l4xx_hal_i2c_ex.o
 .text          0x0000000008000244        0x0 ./build/stm32l4xx_hal.o
 .text          0x0000000008000244        0x0 ./build/stm32l4xx_hal_cortex.o
 .text          0x0000000008000244        0x0 ./build/stm32l4xx_hal_rcc.o
 .text          0x0000000008000244        0x0 ./build/stm32l4xx_hal_pwr_ex.o
 .text          0x0000000008000244        0x0 ./build/stm32l4xx_hal_gpio.o
 .text          0x0000000008000244        0x0 ./build/stm32l4xx_hal_pwr.o
 .text          0x0000000008000244        0x0 ./build/stm32l4xx_hal_uart.o
 .text          0x0000000008000244        0x0 ./build/stm32l4xx_hal_dma.o
 .text          0x0000000008000244        0x0 ./build/stm32l4xx_hal_uart_ex.o
 .text          0x0000000008000244        0x0 ./build/stm32l4xx_hal_wwdg.o
 .text          0x0000000008000244        0x0 ./build/stm32l4xx_hal_i2c.o
 .text          0x0000000008000244        0x0 ./build/system_stm32l4xx.o
 .text          0x0000000008000244       0x14 build/stm32l476_startup.o
 .text          0x0000000008000258      0x378 /home/maxime/Bureau/IMERIR-2019/gcc-arm-none-eabi-9-2019-q4-major/bin/../lib/gcc/arm-none-eabi/9.2.1/thumb/v7e-m+fp/hard/libgcc.a(_arm_addsubdf3.o)
                0x0000000008000258                __aeabi_drsub
                0x0000000008000260                __aeabi_dsub
                0x0000000008000260                __subdf3
                0x0000000008000264                __adddf3
                0x0000000008000264                __aeabi_dadd
                0x00000000080004dc                __aeabi_ui2d
                0x00000000080004dc                __floatunsidf
                0x00000000080004fc                __floatsidf
                0x00000000080004fc                __aeabi_i2d
                0x0000000008000520                __extendsfdf2
                0x0000000008000520                __aeabi_f2d
                0x0000000008000564                __aeabi_ul2d
                0x0000000008000564                __floatundidf
                0x0000000008000574                __floatdidf
                0x0000000008000574                __aeabi_l2d
 .text          0x00000000080005d0       0xa0 /home/maxime/Bureau/IMERIR-2019/gcc-arm-none-eabi-9-2019-q4-major/bin/../lib/gcc/arm-none-eabi/9.2.1/thumb/v7e-m+fp/hard/libgcc.a(_aeabi_ldivmod.o)
                0x00000000080005d0                __aeabi_ldivmod
 .text          0x0000000008000670       0x30 /home/maxime/Bureau/IMERIR-2019/gcc-arm-none-eabi-9-2019-q4-major/bin/../lib/gcc/arm-none-eabi/9.2.1/thumb/v7e-m+fp/hard/libgcc.a(_aeabi_uldivmod.o)
                0x0000000008000670                __aeabi_uldivmod
 .text          0x00000000080006a0      0x2c4 /home/maxime/Bureau/IMERIR-2019/gcc-arm-none-eabi-9-2019-q4-major/bin/../lib/gcc/arm-none-eabi/9.2.1/thumb/v7e-m+fp/hard/libgcc.a(_udivmoddi4.o)
                0x00000000080006a0                __udivmoddi4
 .text          0x0000000008000964        0x4 /home/maxime/Bureau/IMERIR-2019/gcc-arm-none-eabi-9-2019-q4-major/bin/../lib/gcc/arm-none-eabi/9.2.1/thumb/v7e-m+fp/hard/libgcc.a(_dvmd_tls.o)
                0x0000000008000964                __aeabi_ldiv0
                0x0000000008000964                __aeabi_idiv0
 .text          0x0000000008000968        0x0 /home/maxime/Bureau/IMERIR-2019/gcc-arm-none-eabi-9-2019-q4-major/bin/../lib/gcc/arm-none-eabi/9.2.1/../../../../arm-none-eabi/lib/thumb/v7e-m+fp/hard/libc_nano.a(lib_a-sprintf.o)
 .text          0x0000000008000968       0x10 /home/maxime/Bureau/IMERIR-2019/gcc-arm-none-eabi-9-2019-q4-major/bin/../lib/gcc/arm-none-eabi/9.2.1/../../../../arm-none-eabi/lib/thumb/v7e-m+fp/hard/libc_nano.a(lib_a-strlen.o)
                0x0000000008000968                strlen
 .text          0x0000000008000978        0x0 /home/maxime/Bureau/IMERIR-2019/gcc-arm-none-eabi-9-2019-q4-major/bin/../lib/gcc/arm-none-eabi/9.2.1/../../../../arm-none-eabi/lib/thumb/v7e-m+fp/hard/libc_nano.a(lib_a-nano-svfprintf.o)
 .text          0x0000000008000978        0x0 /home/maxime/Bureau/IMERIR-2019/gcc-arm-none-eabi-9-2019-q4-major/bin/../lib/gcc/arm-none-eabi/9.2.1/../../../../arm-none-eabi/lib/thumb/v7e-m+fp/hard/libc_nano.a(lib_a-nano-vfprintf_i.o)
 *fill*         0x0000000008000978        0x8 
 .text          0x0000000008000980       0xa0 /home/maxime/Bureau/IMERIR-2019/gcc-arm-none-eabi-9-2019-q4-major/bin/../lib/gcc/arm-none-eabi/9.2.1/../../../../arm-none-eabi/lib/thumb/v7e-m+fp/hard/libc_nano.a(lib_a-memchr.o)
                0x0000000008000980                memchr
 .text          0x0000000008000a20        0x0 /home/maxime/Bureau/IMERIR-2019/gcc-arm-none-eabi-9-2019-q4-major/bin/../lib/gcc/arm-none-eabi/9.2.1/../../../../arm-none-eabi/lib/thumb/v7e-m+fp/hard/libc_nano.a(lib_a-memcpy-stub.o)
 .text          0x0000000008000a20        0x0 /home/maxime/Bureau/IMERIR-2019/gcc-arm-none-eabi-9-2019-q4-major/bin/../lib/gcc/arm-none-eabi/9.2.1/../../../../arm-none-eabi/lib/thumb/v7e-m+fp/hard/libc_nano.a(lib_a-memmove.o)
 .text          0x0000000008000a20        0x0 /home/maxime/Bureau/IMERIR-2019/gcc-arm-none-eabi-9-2019-q4-major/bin/../lib/gcc/arm-none-eabi/9.2.1/../../../../arm-none-eabi/lib/thumb/v7e-m+fp/hard/libc_nano.a(lib_a-nano-freer.o)
 .text          0x0000000008000a20        0x0 /home/maxime/Bureau/IMERIR-2019/gcc-arm-none-eabi-9-2019-q4-major/bin/../lib/gcc/arm-none-eabi/9.2.1/../../../../arm-none-eabi/lib/thumb/v7e-m+fp/hard/libc_nano.a(lib_a-nano-mallocr.o)
 .text          0x0000000008000a20        0x0 /home/maxime/Bureau/IMERIR-2019/gcc-arm-none-eabi-9-2019-q4-major/bin/../lib/gcc/arm-none-eabi/9.2.1/../../../../arm-none-eabi/lib/thumb/v7e-m+fp/hard/libc_nano.a(lib_a-nano-reallocr.o)
 .text          0x0000000008000a20        0x0 /home/maxime/Bureau/IMERIR-2019/gcc-arm-none-eabi-9-2019-q4-major/bin/../lib/gcc/arm-none-eabi/9.2.1/../../../../arm-none-eabi/lib/thumb/v7e-m+fp/hard/libc_nano.a(lib_a-sbrkr.o)
 .text          0x0000000008000a20        0x0 /home/maxime/Bureau/IMERIR-2019/gcc-arm-none-eabi-9-2019-q4-major/bin/../lib/gcc/arm-none-eabi/9.2.1/../../../../arm-none-eabi/lib/thumb/v7e-m+fp/hard/libc_nano.a(lib_a-mlock.o)
 .text          0x0000000008000a20        0x0 /home/maxime/Bureau/IMERIR-2019/gcc-arm-none-eabi-9-2019-q4-major/bin/../lib/gcc/arm-none-eabi/9.2.1/../../../../arm-none-eabi/lib/thumb/v7e-m+fp/hard/libc_nano.a(lib_a-nano-msizer.o)
 .text          0x0000000008000a20        0x0 /home/maxime/Bureau/IMERIR-2019/gcc-arm-none-eabi-9-2019-q4-major/bin/../lib/gcc/arm-none-eabi/9.2.1/../../../../arm-none-eabi/lib/thumb/v7e-m+fp/hard/libc_nano.a(lib_a-reent.o)
 .text          0x0000000008000a20        0x0 /home/maxime/Bureau/IMERIR-2019/gcc-arm-none-eabi-9-2019-q4-major/bin/../lib/gcc/arm-none-eabi/9.2.1/../../../../arm-none-eabi/lib/thumb/v7e-m+fp/hard/libc_nano.a(lib_a-lock.o)
 .text          0x0000000008000a20        0x0 /home/maxime/Bureau/IMERIR-2019/gcc-arm-none-eabi-9-2019-q4-major/bin/../lib/gcc/arm-none-eabi/9.2.1/../../../../arm-none-eabi/lib/thumb/v7e-m+fp/hard/libnosys.a(sbrk.o)
 .text          0x0000000008000a20        0x0 /home/maxime/Bureau/IMERIR-2019/gcc-arm-none-eabi-9-2019-q4-major/bin/../lib/gcc/arm-none-eabi/9.2.1/../../../../arm-none-eabi/lib/thumb/v7e-m+fp/hard/libnosys.a(_exit.o)
 .text          0x0000000008000a20        0x0 /home/maxime/Bureau/IMERIR-2019/gcc-arm-none-eabi-9-2019-q4-major/bin/../lib/gcc/arm-none-eabi/9.2.1/thumb/v7e-m+fp/hard/crtend.o
 .text          0x0000000008000a20        0x0 /home/maxime/Bureau/IMERIR-2019/gcc-arm-none-eabi-9-2019-q4-major/bin/../lib/gcc/arm-none-eabi/9.2.1/thumb/v7e-m+fp/hard/crtn.o
 *(.text*)
 .text.exit     0x0000000008000a20       0x28 /home/maxime/Bureau/IMERIR-2019/gcc-arm-none-eabi-9-2019-q4-major/bin/../lib/gcc/arm-none-eabi/9.2.1/../../../../arm-none-eabi/lib/thumb/v7e-m+fp/hard/libc_nano.a(lib_a-exit.o)
                0x0000000008000a20                exit
 .text.__libc_init_array
                0x0000000008000a48       0x48 /home/maxime/Bureau/IMERIR-2019/gcc-arm-none-eabi-9-2019-q4-major/bin/../lib/gcc/arm-none-eabi/9.2.1/../../../../arm-none-eabi/lib/thumb/v7e-m+fp/hard/libc_nano.a(lib_a-init.o)
                0x0000000008000a48                __libc_init_array
 .text.memset   0x0000000008000a90       0x10 /home/maxime/Bureau/IMERIR-2019/gcc-arm-none-eabi-9-2019-q4-major/bin/../lib/gcc/arm-none-eabi/9.2.1/../../../../arm-none-eabi/lib/thumb/v7e-m+fp/hard/libc_nano.a(lib_a-memset.o)
                0x0000000008000a90                memset
 .text.SystemClock_Config
                0x0000000008000aa0       0x62 ./build/main.o
                0x0000000008000aa0                SystemClock_Config
 *fill*         0x0000000008000b02        0x2 
 .text.startup.main
                0x0000000008000b04       0xc4 ./build/main.o
                0x0000000008000b04                main
 .text.platform_read
                0x0000000008000bc8       0x28 ./build/read_data_simple.o
 .text.platform_write
                0x0000000008000bf0       0x28 ./build/read_data_simple.o
 .text.example_main_lsm6dso
                0x0000000008000c18      0x22c ./build/read_data_simple.o
                0x0000000008000c18                example_main_lsm6dso
 .text.BSP_GetVersion
                0x0000000008000e44        0x8 ./build/stm32l4xx_nucleo.o
                0x0000000008000e44                BSP_GetVersion
 .text.BSP_LED_Init
                0x0000000008000e4c       0x50 ./build/stm32l4xx_nucleo.o
                0x0000000008000e4c                BSP_LED_Init
 .text.BSP_LED_DeInit
                0x0000000008000e9c       0x24 ./build/stm32l4xx_nucleo.o
                0x0000000008000e9c                BSP_LED_DeInit
 .text.BSP_LED_On
                0x0000000008000ec0       0x14 ./build/stm32l4xx_nucleo.o
                0x0000000008000ec0                BSP_LED_On
 .text.BSP_LED_Off
                0x0000000008000ed4       0x14 ./build/stm32l4xx_nucleo.o
                0x0000000008000ed4                BSP_LED_Off
 .text.BSP_LED_Toggle
                0x0000000008000ee8       0x10 ./build/stm32l4xx_nucleo.o
                0x0000000008000ee8                BSP_LED_Toggle
 .text.BSP_PB_Init
                0x0000000008000ef8       0x88 ./build/stm32l4xx_nucleo.o
                0x0000000008000ef8                BSP_PB_Init
 .text.BSP_PB_DeInit
                0x0000000008000f80       0x20 ./build/stm32l4xx_nucleo.o
                0x0000000008000f80                BSP_PB_DeInit
 .text.BSP_PB_GetState
                0x0000000008000fa0       0x18 ./build/stm32l4xx_nucleo.o
                0x0000000008000fa0                BSP_PB_GetState
 .text.lsm6dso_read_reg
                0x0000000008000fb8        0xe ./build/lsm6dso_reg.o
                0x0000000008000fb8                lsm6dso_read_reg
 .text.lsm6dso_write_reg
                0x0000000008000fc6        0xe ./build/lsm6dso_reg.o
                0x0000000008000fc6                lsm6dso_write_reg
 .text.lsm6dso_from_fs2_to_mg
                0x0000000008000fd4       0x18 ./build/lsm6dso_reg.o
                0x0000000008000fd4                lsm6dso_from_fs2_to_mg
 .text.lsm6dso_from_fs4_to_mg
                0x0000000008000fec       0x18 ./build/lsm6dso_reg.o
                0x0000000008000fec                lsm6dso_from_fs4_to_mg
 .text.lsm6dso_from_fs8_to_mg
                0x0000000008001004       0x18 ./build/lsm6dso_reg.o
                0x0000000008001004                lsm6dso_from_fs8_to_mg
 .text.lsm6dso_from_fs16_to_mg
                0x000000000800101c       0x18 ./build/lsm6dso_reg.o
                0x000000000800101c                lsm6dso_from_fs16_to_mg
 .text.lsm6dso_from_fs125_to_mdps
                0x0000000008001034       0x18 ./build/lsm6dso_reg.o
                0x0000000008001034                lsm6dso_from_fs125_to_mdps
 .text.lsm6dso_from_fs500_to_mdps
                0x000000000800104c       0x18 ./build/lsm6dso_reg.o
                0x000000000800104c                lsm6dso_from_fs500_to_mdps
 .text.lsm6dso_from_fs250_to_mdps
                0x0000000008001064       0x18 ./build/lsm6dso_reg.o
                0x0000000008001064                lsm6dso_from_fs250_to_mdps
 .text.lsm6dso_from_fs1000_to_mdps
                0x000000000800107c       0x18 ./build/lsm6dso_reg.o
                0x000000000800107c                lsm6dso_from_fs1000_to_mdps
 .text.lsm6dso_from_fs2000_to_mdps
                0x0000000008001094       0x18 ./build/lsm6dso_reg.o
                0x0000000008001094                lsm6dso_from_fs2000_to_mdps
 .text.lsm6dso_from_lsb_to_celsius
                0x00000000080010ac       0x12 ./build/lsm6dso_reg.o
                0x00000000080010ac                lsm6dso_from_lsb_to_celsius
 *fill*         0x00000000080010be        0x2 
 .text.lsm6dso_from_lsb_to_nsec
                0x00000000080010c0       0x18 ./build/lsm6dso_reg.o
                0x00000000080010c0                lsm6dso_from_lsb_to_nsec
 .text.lsm6dso_xl_full_scale_set
                0x00000000080010d8       0x2e ./build/lsm6dso_reg.o
                0x00000000080010d8                lsm6dso_xl_full_scale_set
 .text.lsm6dso_xl_full_scale_get
                0x0000000008001106       0x2e ./build/lsm6dso_reg.o
                0x0000000008001106                lsm6dso_xl_full_scale_get
 .text.lsm6dso_xl_data_rate_get
                0x0000000008001134       0x5c ./build/lsm6dso_reg.o
                0x0000000008001134                lsm6dso_xl_data_rate_get
 .text.lsm6dso_gy_full_scale_set
                0x0000000008001190       0x2e ./build/lsm6dso_reg.o
                0x0000000008001190                lsm6dso_gy_full_scale_set
 .text.lsm6dso_gy_full_scale_get
                0x00000000080011be       0x3e ./build/lsm6dso_reg.o
                0x00000000080011be                lsm6dso_gy_full_scale_get
 .text.lsm6dso_gy_data_rate_get
                0x00000000080011fc       0x58 ./build/lsm6dso_reg.o
                0x00000000080011fc                lsm6dso_gy_data_rate_get
 .text.lsm6dso_block_data_update_set
                0x0000000008001254       0x2e ./build/lsm6dso_reg.o
                0x0000000008001254                lsm6dso_block_data_update_set
 .text.lsm6dso_block_data_update_get
                0x0000000008001282       0x1c ./build/lsm6dso_reg.o
                0x0000000008001282                lsm6dso_block_data_update_get
 .text.lsm6dso_xl_offset_weight_set
                0x000000000800129e       0x2e ./build/lsm6dso_reg.o
                0x000000000800129e                lsm6dso_xl_offset_weight_set
 .text.lsm6dso_xl_offset_weight_get
                0x00000000080012cc       0x24 ./build/lsm6dso_reg.o
                0x00000000080012cc                lsm6dso_xl_offset_weight_get
 .text.lsm6dso_xl_power_mode_set
                0x00000000080012f0       0x58 ./build/lsm6dso_reg.o
                0x00000000080012f0                lsm6dso_xl_power_mode_set
 .text.lsm6dso_xl_power_mode_get
                0x0000000008001348       0x40 ./build/lsm6dso_reg.o
                0x0000000008001348                lsm6dso_xl_power_mode_get
 .text.lsm6dso_gy_power_mode_set
                0x0000000008001388       0x2e ./build/lsm6dso_reg.o
                0x0000000008001388                lsm6dso_gy_power_mode_set
 .text.lsm6dso_gy_power_mode_get
                0x00000000080013b6       0x24 ./build/lsm6dso_reg.o
                0x00000000080013b6                lsm6dso_gy_power_mode_get
 .text.lsm6dso_status_reg_get
                0x00000000080013da        0xa ./build/lsm6dso_reg.o
                0x00000000080013da                lsm6dso_status_reg_get
 .text.lsm6dso_xl_flag_data_ready_get
                0x00000000080013e4       0x1c ./build/lsm6dso_reg.o
                0x00000000080013e4                lsm6dso_xl_flag_data_ready_get
 .text.lsm6dso_gy_flag_data_ready_get
                0x0000000008001400       0x1c ./build/lsm6dso_reg.o
                0x0000000008001400                lsm6dso_gy_flag_data_ready_get
 .text.lsm6dso_temp_flag_data_ready_get
                0x000000000800141c       0x1c ./build/lsm6dso_reg.o
                0x000000000800141c                lsm6dso_temp_flag_data_ready_get
 .text.lsm6dso_xl_usr_offset_x_set
                0x0000000008001438        0xa ./build/lsm6dso_reg.o
                0x0000000008001438                lsm6dso_xl_usr_offset_x_set
 .text.lsm6dso_xl_usr_offset_x_get
                0x0000000008001442        0xa ./build/lsm6dso_reg.o
                0x0000000008001442                lsm6dso_xl_usr_offset_x_get
 .text.lsm6dso_xl_usr_offset_y_set
                0x000000000800144c        0xa ./build/lsm6dso_reg.o
                0x000000000800144c                lsm6dso_xl_usr_offset_y_set
 .text.lsm6dso_xl_usr_offset_y_get
                0x0000000008001456        0xa ./build/lsm6dso_reg.o
                0x0000000008001456                lsm6dso_xl_usr_offset_y_get
 .text.lsm6dso_xl_usr_offset_z_set
                0x0000000008001460        0xa ./build/lsm6dso_reg.o
                0x0000000008001460                lsm6dso_xl_usr_offset_z_set
 .text.lsm6dso_xl_usr_offset_z_get
                0x000000000800146a        0xa ./build/lsm6dso_reg.o
                0x000000000800146a                lsm6dso_xl_usr_offset_z_get
 .text.lsm6dso_xl_usr_offset_set
                0x0000000008001474       0x2e ./build/lsm6dso_reg.o
                0x0000000008001474                lsm6dso_xl_usr_offset_set
 .text.lsm6dso_xl_usr_offset_get
                0x00000000080014a2       0x1c ./build/lsm6dso_reg.o
                0x00000000080014a2                lsm6dso_xl_usr_offset_get
 .text.lsm6dso_timestamp_rst
                0x00000000080014be       0x1a ./build/lsm6dso_reg.o
                0x00000000080014be                lsm6dso_timestamp_rst
 .text.lsm6dso_timestamp_set
                0x00000000080014d8       0x2e ./build/lsm6dso_reg.o
                0x00000000080014d8                lsm6dso_timestamp_set
 .text.lsm6dso_timestamp_get
                0x0000000008001506       0x1c ./build/lsm6dso_reg.o
                0x0000000008001506                lsm6dso_timestamp_get
 .text.lsm6dso_timestamp_raw_get
                0x0000000008001522        0xa ./build/lsm6dso_reg.o
                0x0000000008001522                lsm6dso_timestamp_raw_get
 .text.lsm6dso_rounding_mode_set
                0x000000000800152c       0x2e ./build/lsm6dso_reg.o
                0x000000000800152c                lsm6dso_rounding_mode_set
 .text.lsm6dso_rounding_mode_get
                0x000000000800155a       0x2e ./build/lsm6dso_reg.o
                0x000000000800155a                lsm6dso_rounding_mode_get
 .text.lsm6dso_temperature_raw_get
                0x0000000008001588        0xa ./build/lsm6dso_reg.o
                0x0000000008001588                lsm6dso_temperature_raw_get
 .text.lsm6dso_angular_rate_raw_get
                0x0000000008001592        0xa ./build/lsm6dso_reg.o
                0x0000000008001592                lsm6dso_angular_rate_raw_get
 .text.lsm6dso_acceleration_raw_get
                0x000000000800159c        0xa ./build/lsm6dso_reg.o
                0x000000000800159c                lsm6dso_acceleration_raw_get
 .text.lsm6dso_fifo_out_raw_get
                0x00000000080015a6        0xa ./build/lsm6dso_reg.o
                0x00000000080015a6                lsm6dso_fifo_out_raw_get
 .text.lsm6dso_odr_cal_reg_set
                0x00000000080015b0       0x26 ./build/lsm6dso_reg.o
                0x00000000080015b0                lsm6dso_odr_cal_reg_set
 .text.lsm6dso_odr_cal_reg_get
                0x00000000080015d6       0x18 ./build/lsm6dso_reg.o
                0x00000000080015d6                lsm6dso_odr_cal_reg_get
 .text.lsm6dso_mem_bank_set
                0x00000000080015ee       0x2e ./build/lsm6dso_reg.o
                0x00000000080015ee                lsm6dso_mem_bank_set
 .text.lsm6dso_all_sources_get
                0x000000000800161c       0x8c ./build/lsm6dso_reg.o
                0x000000000800161c                lsm6dso_all_sources_get
 .text.lsm6dso_number_of_steps_get
                0x00000000080016a8       0x2e ./build/lsm6dso_reg.o
                0x00000000080016a8                lsm6dso_number_of_steps_get
 .text.lsm6dso_steps_reset
                0x00000000080016d6       0x40 ./build/lsm6dso_reg.o
                0x00000000080016d6                lsm6dso_steps_reset
 .text.lsm6dso_mem_bank_get
                0x0000000008001716       0x2c ./build/lsm6dso_reg.o
                0x0000000008001716                lsm6dso_mem_bank_get
 .text.lsm6dso_ln_pg_write_byte
                0x0000000008001742       0xbe ./build/lsm6dso_reg.o
                0x0000000008001742                lsm6dso_ln_pg_write_byte
 .text.lsm6dso_ln_pg_write
                0x0000000008001800      0x116 ./build/lsm6dso_reg.o
                0x0000000008001800                lsm6dso_ln_pg_write
 .text.lsm6dso_ln_pg_read_byte
                0x0000000008001916       0xba ./build/lsm6dso_reg.o
                0x0000000008001916                lsm6dso_ln_pg_read_byte
 .text.lsm6dso_data_ready_mode_set
                0x00000000080019d0       0x2e ./build/lsm6dso_reg.o
                0x00000000080019d0                lsm6dso_data_ready_mode_set
 .text.lsm6dso_data_ready_mode_get
                0x00000000080019fe       0x24 ./build/lsm6dso_reg.o
                0x00000000080019fe                lsm6dso_data_ready_mode_get
 .text.lsm6dso_device_id_get
                0x0000000008001a22        0xa ./build/lsm6dso_reg.o
                0x0000000008001a22                lsm6dso_device_id_get
 .text.lsm6dso_reset_set
                0x0000000008001a2c       0x2e ./build/lsm6dso_reg.o
                0x0000000008001a2c                lsm6dso_reset_set
 .text.lsm6dso_reset_get
                0x0000000008001a5a       0x1c ./build/lsm6dso_reg.o
                0x0000000008001a5a                lsm6dso_reset_get
 .text.lsm6dso_auto_increment_set
                0x0000000008001a76       0x2e ./build/lsm6dso_reg.o
                0x0000000008001a76                lsm6dso_auto_increment_set
 .text.lsm6dso_auto_increment_get
                0x0000000008001aa4       0x1c ./build/lsm6dso_reg.o
                0x0000000008001aa4                lsm6dso_auto_increment_get
 .text.lsm6dso_boot_set
                0x0000000008001ac0       0x2e ./build/lsm6dso_reg.o
                0x0000000008001ac0                lsm6dso_boot_set
 .text.lsm6dso_boot_get
                0x0000000008001aee       0x1c ./build/lsm6dso_reg.o
                0x0000000008001aee                lsm6dso_boot_get
 .text.lsm6dso_xl_self_test_set
                0x0000000008001b0a       0x2e ./build/lsm6dso_reg.o
                0x0000000008001b0a                lsm6dso_xl_self_test_set
 .text.lsm6dso_xl_self_test_get
                0x0000000008001b38       0x2e ./build/lsm6dso_reg.o
                0x0000000008001b38                lsm6dso_xl_self_test_get
 .text.lsm6dso_gy_self_test_set
                0x0000000008001b66       0x2e ./build/lsm6dso_reg.o
                0x0000000008001b66                lsm6dso_gy_self_test_set
 .text.lsm6dso_gy_self_test_get
                0x0000000008001b94       0x2a ./build/lsm6dso_reg.o
                0x0000000008001b94                lsm6dso_gy_self_test_get
 .text.lsm6dso_xl_filter_lp2_set
                0x0000000008001bbe       0x2e ./build/lsm6dso_reg.o
                0x0000000008001bbe                lsm6dso_xl_filter_lp2_set
 .text.lsm6dso_xl_filter_lp2_get
                0x0000000008001bec       0x1c ./build/lsm6dso_reg.o
                0x0000000008001bec                lsm6dso_xl_filter_lp2_get
 .text.lsm6dso_gy_filter_lp1_set
                0x0000000008001c08       0x2e ./build/lsm6dso_reg.o
                0x0000000008001c08                lsm6dso_gy_filter_lp1_set
 .text.lsm6dso_gy_filter_lp1_get
                0x0000000008001c36       0x1c ./build/lsm6dso_reg.o
                0x0000000008001c36                lsm6dso_gy_filter_lp1_get
 .text.lsm6dso_filter_settling_mask_set
                0x0000000008001c52       0x2e ./build/lsm6dso_reg.o
                0x0000000008001c52                lsm6dso_filter_settling_mask_set
 .text.lsm6dso_filter_settling_mask_get
                0x0000000008001c80       0x1c ./build/lsm6dso_reg.o
                0x0000000008001c80                lsm6dso_filter_settling_mask_get
 .text.lsm6dso_gy_lp1_bandwidth_set
                0x0000000008001c9c       0x2e ./build/lsm6dso_reg.o
                0x0000000008001c9c                lsm6dso_gy_lp1_bandwidth_set
 .text.lsm6dso_gy_lp1_bandwidth_get
                0x0000000008001cca       0x4c ./build/lsm6dso_reg.o
                0x0000000008001cca                lsm6dso_gy_lp1_bandwidth_get
 .text.lsm6dso_xl_lp2_on_6d_set
                0x0000000008001d16       0x2e ./build/lsm6dso_reg.o
                0x0000000008001d16                lsm6dso_xl_lp2_on_6d_set
 .text.lsm6dso_xl_lp2_on_6d_get
                0x0000000008001d44       0x1c ./build/lsm6dso_reg.o
                0x0000000008001d44                lsm6dso_xl_lp2_on_6d_get
 .text.lsm6dso_xl_hp_path_on_out_set
                0x0000000008001d60       0x42 ./build/lsm6dso_reg.o
                0x0000000008001d60                lsm6dso_xl_hp_path_on_out_set
 .text.lsm6dso_xl_hp_path_on_out_get
                0x0000000008001da2       0xc4 ./build/lsm6dso_reg.o
                0x0000000008001da2                lsm6dso_xl_hp_path_on_out_get
 .text.lsm6dso_xl_fast_settling_set
                0x0000000008001e66       0x2e ./build/lsm6dso_reg.o
                0x0000000008001e66                lsm6dso_xl_fast_settling_set
 .text.lsm6dso_xl_fast_settling_get
                0x0000000008001e94       0x1c ./build/lsm6dso_reg.o
                0x0000000008001e94                lsm6dso_xl_fast_settling_get
 .text.lsm6dso_xl_hp_path_internal_set
                0x0000000008001eb0       0x2e ./build/lsm6dso_reg.o
                0x0000000008001eb0                lsm6dso_xl_hp_path_internal_set
 .text.lsm6dso_xl_hp_path_internal_get
                0x0000000008001ede       0x24 ./build/lsm6dso_reg.o
                0x0000000008001ede                lsm6dso_xl_hp_path_internal_get
 .text.lsm6dso_gy_hp_path_internal_set
                0x0000000008001f02       0x3c ./build/lsm6dso_reg.o
                0x0000000008001f02                lsm6dso_gy_hp_path_internal_set
 .text.lsm6dso_gy_hp_path_internal_get
                0x0000000008001f3e       0x44 ./build/lsm6dso_reg.o
                0x0000000008001f3e                lsm6dso_gy_hp_path_internal_get
 .text.lsm6dso_aux_sdo_ocs_mode_set
                0x0000000008001f82       0x2e ./build/lsm6dso_reg.o
                0x0000000008001f82                lsm6dso_aux_sdo_ocs_mode_set
 .text.lsm6dso_aux_sdo_ocs_mode_get
                0x0000000008001fb0       0x24 ./build/lsm6dso_reg.o
                0x0000000008001fb0                lsm6dso_aux_sdo_ocs_mode_get
 .text.lsm6dso_aux_pw_on_ctrl_set
                0x0000000008001fd4       0x36 ./build/lsm6dso_reg.o
                0x0000000008001fd4                lsm6dso_aux_pw_on_ctrl_set
 .text.lsm6dso_aux_pw_on_ctrl_get
                0x000000000800200a       0x24 ./build/lsm6dso_reg.o
                0x000000000800200a                lsm6dso_aux_pw_on_ctrl_get
 .text.lsm6dso_aux_xl_fs_mode_set
                0x000000000800202e       0x2e ./build/lsm6dso_reg.o
                0x000000000800202e                lsm6dso_aux_xl_fs_mode_set
 .text.lsm6dso_aux_xl_fs_mode_get
                0x000000000800205c       0x24 ./build/lsm6dso_reg.o
                0x000000000800205c                lsm6dso_aux_xl_fs_mode_get
 .text.lsm6dso_aux_status_reg_get
                0x0000000008002080        0xa ./build/lsm6dso_reg.o
                0x0000000008002080                lsm6dso_aux_status_reg_get
 .text.lsm6dso_aux_xl_flag_data_ready_get
                0x000000000800208a       0x1c ./build/lsm6dso_reg.o
                0x000000000800208a                lsm6dso_aux_xl_flag_data_ready_get
 .text.lsm6dso_aux_gy_flag_data_ready_get
                0x00000000080020a6       0x1c ./build/lsm6dso_reg.o
                0x00000000080020a6                lsm6dso_aux_gy_flag_data_ready_get
 .text.lsm6dso_aux_gy_flag_settling_get
                0x00000000080020c2       0x1c ./build/lsm6dso_reg.o
                0x00000000080020c2                lsm6dso_aux_gy_flag_settling_get
 .text.lsm6dso_aux_xl_self_test_set
                0x00000000080020de       0x2e ./build/lsm6dso_reg.o
                0x00000000080020de                lsm6dso_aux_xl_self_test_set
 .text.lsm6dso_aux_xl_self_test_get
                0x000000000800210c       0x2e ./build/lsm6dso_reg.o
                0x000000000800210c                lsm6dso_aux_xl_self_test_get
 .text.lsm6dso_aux_den_polarity_set
                0x000000000800213a       0x2e ./build/lsm6dso_reg.o
                0x000000000800213a                lsm6dso_aux_den_polarity_set
 .text.lsm6dso_aux_den_polarity_get
                0x0000000008002168       0x24 ./build/lsm6dso_reg.o
                0x0000000008002168                lsm6dso_aux_den_polarity_get
 .text.lsm6dso_aux_den_mode_set
                0x000000000800218c       0x58 ./build/lsm6dso_reg.o
                0x000000000800218c                lsm6dso_aux_den_mode_set
 .text.lsm6dso_aux_den_mode_get
                0x00000000080021e4       0x42 ./build/lsm6dso_reg.o
                0x00000000080021e4                lsm6dso_aux_den_mode_get
 .text.lsm6dso_aux_drdy_on_int2_set
                0x0000000008002226       0x2e ./build/lsm6dso_reg.o
                0x0000000008002226                lsm6dso_aux_drdy_on_int2_set
 .text.lsm6dso_aux_drdy_on_int2_get
                0x0000000008002254       0x1c ./build/lsm6dso_reg.o
                0x0000000008002254                lsm6dso_aux_drdy_on_int2_get
 .text.lsm6dso_aux_mode_set
                0x0000000008002270       0x3c ./build/lsm6dso_reg.o
                0x0000000008002270                lsm6dso_aux_mode_set
 .text.lsm6dso_aux_mode_get
                0x00000000080022ac       0x2e ./build/lsm6dso_reg.o
                0x00000000080022ac                lsm6dso_aux_mode_get
 .text.lsm6dso_aux_gy_full_scale_set
                0x00000000080022da       0x2e ./build/lsm6dso_reg.o
                0x00000000080022da                lsm6dso_aux_gy_full_scale_set
 .text.lsm6dso_aux_gy_full_scale_get
                0x0000000008002308       0x3e ./build/lsm6dso_reg.o
                0x0000000008002308                lsm6dso_aux_gy_full_scale_get
 .text.lsm6dso_aux_spi_mode_set
                0x0000000008002346       0x2e ./build/lsm6dso_reg.o
                0x0000000008002346                lsm6dso_aux_spi_mode_set
 .text.lsm6dso_aux_spi_mode_get
                0x0000000008002374       0x24 ./build/lsm6dso_reg.o
                0x0000000008002374                lsm6dso_aux_spi_mode_get
 .text.lsm6dso_aux_gy_lp1_bandwidth_set
                0x0000000008002398       0x2e ./build/lsm6dso_reg.o
                0x0000000008002398                lsm6dso_aux_gy_lp1_bandwidth_set
 .text.lsm6dso_aux_gy_lp1_bandwidth_get
                0x00000000080023c6       0x2e ./build/lsm6dso_reg.o
                0x00000000080023c6                lsm6dso_aux_gy_lp1_bandwidth_get
 .text.lsm6dso_aux_gy_hp_bandwidth_set
                0x00000000080023f4       0x3c ./build/lsm6dso_reg.o
                0x00000000080023f4                lsm6dso_aux_gy_hp_bandwidth_set
 .text.lsm6dso_aux_gy_hp_bandwidth_get
                0x0000000008002430       0x44 ./build/lsm6dso_reg.o
                0x0000000008002430                lsm6dso_aux_gy_hp_bandwidth_get
 .text.lsm6dso_aux_gy_clamp_set
                0x0000000008002474       0x2e ./build/lsm6dso_reg.o
                0x0000000008002474                lsm6dso_aux_gy_clamp_set
 .text.lsm6dso_aux_gy_clamp_get
                0x00000000080024a2       0x24 ./build/lsm6dso_reg.o
                0x00000000080024a2                lsm6dso_aux_gy_clamp_get
 .text.lsm6dso_aux_gy_self_test_set
                0x00000000080024c6       0x2e ./build/lsm6dso_reg.o
                0x00000000080024c6                lsm6dso_aux_gy_self_test_set
 .text.lsm6dso_aux_gy_self_test_get
                0x00000000080024f4       0x2a ./build/lsm6dso_reg.o
                0x00000000080024f4                lsm6dso_aux_gy_self_test_get
 .text.lsm6dso_aux_xl_bandwidth_set
                0x000000000800251e       0x2e ./build/lsm6dso_reg.o
                0x000000000800251e                lsm6dso_aux_xl_bandwidth_set
 .text.lsm6dso_aux_xl_bandwidth_get
                0x000000000800254c       0x4c ./build/lsm6dso_reg.o
                0x000000000800254c                lsm6dso_aux_xl_bandwidth_get
 .text.lsm6dso_aux_xl_full_scale_set
                0x0000000008002598       0x2e ./build/lsm6dso_reg.o
                0x0000000008002598                lsm6dso_aux_xl_full_scale_set
 .text.lsm6dso_aux_xl_full_scale_get
                0x00000000080025c6       0x30 ./build/lsm6dso_reg.o
                0x00000000080025c6                lsm6dso_aux_xl_full_scale_get
 .text.lsm6dso_sdo_sa0_mode_set
                0x00000000080025f6       0x2e ./build/lsm6dso_reg.o
                0x00000000080025f6                lsm6dso_sdo_sa0_mode_set
 .text.lsm6dso_sdo_sa0_mode_get
                0x0000000008002624       0x24 ./build/lsm6dso_reg.o
                0x0000000008002624                lsm6dso_sdo_sa0_mode_get
 .text.lsm6dso_spi_mode_set
                0x0000000008002648       0x2e ./build/lsm6dso_reg.o
                0x0000000008002648                lsm6dso_spi_mode_set
 .text.lsm6dso_spi_mode_get
                0x0000000008002676       0x24 ./build/lsm6dso_reg.o
                0x0000000008002676                lsm6dso_spi_mode_get
 .text.lsm6dso_i2c_interface_set
                0x000000000800269a       0x2e ./build/lsm6dso_reg.o
                0x000000000800269a                lsm6dso_i2c_interface_set
 .text.lsm6dso_i2c_interface_get
                0x00000000080026c8       0x24 ./build/lsm6dso_reg.o
                0x00000000080026c8                lsm6dso_i2c_interface_get
 .text.lsm6dso_i3c_disable_set
                0x00000000080026ec       0x58 ./build/lsm6dso_reg.o
                0x00000000080026ec                lsm6dso_i3c_disable_set
 .text.lsm6dso_i3c_disable_get
                0x0000000008002744       0x56 ./build/lsm6dso_reg.o
                0x0000000008002744                lsm6dso_i3c_disable_get
 .text.lsm6dso_int1_mode_set
                0x000000000800279a       0x2e ./build/lsm6dso_reg.o
                0x000000000800279a                lsm6dso_int1_mode_set
 .text.lsm6dso_int1_mode_get
                0x00000000080027c8       0x24 ./build/lsm6dso_reg.o
                0x00000000080027c8                lsm6dso_int1_mode_get
 .text.lsm6dso_pin_int1_route_get
                0x00000000080027ec       0x62 ./build/lsm6dso_reg.o
                0x00000000080027ec                lsm6dso_pin_int1_route_get
 .text.lsm6dso_pin_int2_route_set
                0x000000000800284e      0x1d4 ./build/lsm6dso_reg.o
                0x000000000800284e                lsm6dso_pin_int2_route_set
 .text.lsm6dso_pin_int2_route_get
                0x0000000008002a22       0x62 ./build/lsm6dso_reg.o
                0x0000000008002a22                lsm6dso_pin_int2_route_get
 .text.lsm6dso_pin_int1_route_set
                0x0000000008002a84      0x1d4 ./build/lsm6dso_reg.o
                0x0000000008002a84                lsm6dso_pin_int1_route_set
 .text.lsm6dso_pin_mode_set
                0x0000000008002c58       0x2e ./build/lsm6dso_reg.o
                0x0000000008002c58                lsm6dso_pin_mode_set
 .text.lsm6dso_pin_mode_get
                0x0000000008002c86       0x24 ./build/lsm6dso_reg.o
                0x0000000008002c86                lsm6dso_pin_mode_get
 .text.lsm6dso_pin_polarity_set
                0x0000000008002caa       0x2e ./build/lsm6dso_reg.o
                0x0000000008002caa                lsm6dso_pin_polarity_set
 .text.lsm6dso_pin_polarity_get
                0x0000000008002cd8       0x24 ./build/lsm6dso_reg.o
                0x0000000008002cd8                lsm6dso_pin_polarity_get
 .text.lsm6dso_all_on_int1_set
                0x0000000008002cfc       0x2e ./build/lsm6dso_reg.o
                0x0000000008002cfc                lsm6dso_all_on_int1_set
 .text.lsm6dso_all_on_int1_get
                0x0000000008002d2a       0x1c ./build/lsm6dso_reg.o
                0x0000000008002d2a                lsm6dso_all_on_int1_get
 .text.lsm6dso_int_notification_set
                0x0000000008002d46       0x74 ./build/lsm6dso_reg.o
                0x0000000008002d46                lsm6dso_int_notification_set
 .text.lsm6dso_int_notification_get
                0x0000000008002dba       0x7e ./build/lsm6dso_reg.o
                0x0000000008002dba                lsm6dso_int_notification_get
 .text.lsm6dso_wkup_ths_weight_set
                0x0000000008002e38       0x2e ./build/lsm6dso_reg.o
                0x0000000008002e38                lsm6dso_wkup_ths_weight_set
 .text.lsm6dso_wkup_ths_weight_get
                0x0000000008002e66       0x24 ./build/lsm6dso_reg.o
                0x0000000008002e66                lsm6dso_wkup_ths_weight_get
 .text.lsm6dso_wkup_threshold_set
                0x0000000008002e8a       0x2e ./build/lsm6dso_reg.o
                0x0000000008002e8a                lsm6dso_wkup_threshold_set
 .text.lsm6dso_wkup_threshold_get
                0x0000000008002eb8       0x1c ./build/lsm6dso_reg.o
                0x0000000008002eb8                lsm6dso_wkup_threshold_get
 .text.lsm6dso_xl_usr_offset_on_wkup_set
                0x0000000008002ed4       0x2e ./build/lsm6dso_reg.o
                0x0000000008002ed4                lsm6dso_xl_usr_offset_on_wkup_set
 .text.lsm6dso_xl_usr_offset_on_wkup_get
                0x0000000008002f02       0x1c ./build/lsm6dso_reg.o
                0x0000000008002f02                lsm6dso_xl_usr_offset_on_wkup_get
 .text.lsm6dso_wkup_dur_set
                0x0000000008002f1e       0x2e ./build/lsm6dso_reg.o
                0x0000000008002f1e                lsm6dso_wkup_dur_set
 .text.lsm6dso_wkup_dur_get
                0x0000000008002f4c       0x1c ./build/lsm6dso_reg.o
                0x0000000008002f4c                lsm6dso_wkup_dur_get
 .text.lsm6dso_gy_sleep_mode_set
                0x0000000008002f68       0x2e ./build/lsm6dso_reg.o
                0x0000000008002f68                lsm6dso_gy_sleep_mode_set
 .text.lsm6dso_gy_sleep_mode_get
                0x0000000008002f96       0x1c ./build/lsm6dso_reg.o
                0x0000000008002f96                lsm6dso_gy_sleep_mode_get
 .text.lsm6dso_act_pin_notification_set
                0x0000000008002fb2       0x2e ./build/lsm6dso_reg.o
                0x0000000008002fb2                lsm6dso_act_pin_notification_set
 .text.lsm6dso_act_pin_notification_get
                0x0000000008002fe0       0x24 ./build/lsm6dso_reg.o
                0x0000000008002fe0                lsm6dso_act_pin_notification_get
 .text.lsm6dso_act_mode_set
                0x0000000008003004       0x2e ./build/lsm6dso_reg.o
                0x0000000008003004                lsm6dso_act_mode_set
 .text.lsm6dso_act_mode_get
                0x0000000008003032       0x2e ./build/lsm6dso_reg.o
                0x0000000008003032                lsm6dso_act_mode_get
 .text.lsm6dso_act_sleep_dur_set
                0x0000000008003060       0x2e ./build/lsm6dso_reg.o
                0x0000000008003060                lsm6dso_act_sleep_dur_set
 .text.lsm6dso_act_sleep_dur_get
                0x000000000800308e       0x1c ./build/lsm6dso_reg.o
                0x000000000800308e                lsm6dso_act_sleep_dur_get
 .text.lsm6dso_tap_detection_on_z_set
                0x00000000080030aa       0x2e ./build/lsm6dso_reg.o
                0x00000000080030aa                lsm6dso_tap_detection_on_z_set
 .text.lsm6dso_tap_detection_on_z_get
                0x00000000080030d8       0x1c ./build/lsm6dso_reg.o
                0x00000000080030d8                lsm6dso_tap_detection_on_z_get
 .text.lsm6dso_tap_detection_on_y_set
                0x00000000080030f4       0x2e ./build/lsm6dso_reg.o
                0x00000000080030f4                lsm6dso_tap_detection_on_y_set
 .text.lsm6dso_tap_detection_on_y_get
                0x0000000008003122       0x1c ./build/lsm6dso_reg.o
                0x0000000008003122                lsm6dso_tap_detection_on_y_get
 .text.lsm6dso_tap_detection_on_x_set
                0x000000000800313e       0x2e ./build/lsm6dso_reg.o
                0x000000000800313e                lsm6dso_tap_detection_on_x_set
 .text.lsm6dso_tap_detection_on_x_get
                0x000000000800316c       0x1c ./build/lsm6dso_reg.o
                0x000000000800316c                lsm6dso_tap_detection_on_x_get
 .text.lsm6dso_tap_threshold_x_set
                0x0000000008003188       0x2e ./build/lsm6dso_reg.o
                0x0000000008003188                lsm6dso_tap_threshold_x_set
 .text.lsm6dso_tap_threshold_x_get
                0x00000000080031b6       0x1c ./build/lsm6dso_reg.o
                0x00000000080031b6                lsm6dso_tap_threshold_x_get
 .text.lsm6dso_tap_axis_priority_set
                0x00000000080031d2       0x2e ./build/lsm6dso_reg.o
                0x00000000080031d2                lsm6dso_tap_axis_priority_set
 .text.lsm6dso_tap_axis_priority_get
                0x0000000008003200       0x40 ./build/lsm6dso_reg.o
                0x0000000008003200                lsm6dso_tap_axis_priority_get
 .text.lsm6dso_tap_threshold_y_set
                0x0000000008003240       0x2e ./build/lsm6dso_reg.o
                0x0000000008003240                lsm6dso_tap_threshold_y_set
 .text.lsm6dso_tap_threshold_y_get
                0x000000000800326e       0x1c ./build/lsm6dso_reg.o
                0x000000000800326e                lsm6dso_tap_threshold_y_get
 .text.lsm6dso_tap_threshold_z_set
                0x000000000800328a       0x2e ./build/lsm6dso_reg.o
                0x000000000800328a                lsm6dso_tap_threshold_z_set
 .text.lsm6dso_tap_threshold_z_get
                0x00000000080032b8       0x1c ./build/lsm6dso_reg.o
                0x00000000080032b8                lsm6dso_tap_threshold_z_get
 .text.lsm6dso_tap_shock_set
                0x00000000080032d4       0x2e ./build/lsm6dso_reg.o
                0x00000000080032d4                lsm6dso_tap_shock_set
 .text.lsm6dso_tap_shock_get
                0x0000000008003302       0x1c ./build/lsm6dso_reg.o
                0x0000000008003302                lsm6dso_tap_shock_get
 .text.lsm6dso_tap_quiet_set
                0x000000000800331e       0x2e ./build/lsm6dso_reg.o
                0x000000000800331e                lsm6dso_tap_quiet_set
 .text.lsm6dso_tap_quiet_get
                0x000000000800334c       0x1c ./build/lsm6dso_reg.o
                0x000000000800334c                lsm6dso_tap_quiet_get
 .text.lsm6dso_tap_dur_set
                0x0000000008003368       0x2e ./build/lsm6dso_reg.o
                0x0000000008003368                lsm6dso_tap_dur_set
 .text.lsm6dso_tap_dur_get
                0x0000000008003396       0x1c ./build/lsm6dso_reg.o
                0x0000000008003396                lsm6dso_tap_dur_get
 .text.lsm6dso_tap_mode_set
                0x00000000080033b2       0x2e ./build/lsm6dso_reg.o
                0x00000000080033b2                lsm6dso_tap_mode_set
 .text.lsm6dso_tap_mode_get
                0x00000000080033e0       0x24 ./build/lsm6dso_reg.o
                0x00000000080033e0                lsm6dso_tap_mode_get
 .text.lsm6dso_6d_threshold_set
                0x0000000008003404       0x2e ./build/lsm6dso_reg.o
                0x0000000008003404                lsm6dso_6d_threshold_set
 .text.lsm6dso_6d_threshold_get
                0x0000000008003432       0x2e ./build/lsm6dso_reg.o
                0x0000000008003432                lsm6dso_6d_threshold_get
 .text.lsm6dso_4d_mode_set
                0x0000000008003460       0x2e ./build/lsm6dso_reg.o
                0x0000000008003460                lsm6dso_4d_mode_set
 .text.lsm6dso_4d_mode_get
                0x000000000800348e       0x1c ./build/lsm6dso_reg.o
                0x000000000800348e                lsm6dso_4d_mode_get
 .text.lsm6dso_ff_threshold_set
                0x00000000080034aa       0x2e ./build/lsm6dso_reg.o
                0x00000000080034aa                lsm6dso_ff_threshold_set
 .text.lsm6dso_ff_threshold_get
                0x00000000080034d8       0x4c ./build/lsm6dso_reg.o
                0x00000000080034d8                lsm6dso_ff_threshold_get
 .text.lsm6dso_ff_dur_set
                0x0000000008003524       0x58 ./build/lsm6dso_reg.o
                0x0000000008003524                lsm6dso_ff_dur_set
 .text.lsm6dso_ff_dur_get
                0x000000000800357c       0x38 ./build/lsm6dso_reg.o
                0x000000000800357c                lsm6dso_ff_dur_get
 .text.lsm6dso_fifo_watermark_set
                0x00000000080035b4       0x42 ./build/lsm6dso_reg.o
                0x00000000080035b4                lsm6dso_fifo_watermark_set
 .text.lsm6dso_fifo_watermark_get
                0x00000000080035f6       0x34 ./build/lsm6dso_reg.o
                0x00000000080035f6                lsm6dso_fifo_watermark_get
 .text.lsm6dso_compression_algo_init_set
                0x000000000800362a       0x42 ./build/lsm6dso_reg.o
                0x000000000800362a                lsm6dso_compression_algo_init_set
 .text.lsm6dso_compression_algo_init_get
                0x000000000800366c       0x32 ./build/lsm6dso_reg.o
                0x000000000800366c                lsm6dso_compression_algo_init_get
 .text.lsm6dso_compression_algo_set
                0x000000000800369e       0x72 ./build/lsm6dso_reg.o
                0x000000000800369e                lsm6dso_compression_algo_set
 .text.lsm6dso_compression_algo_get
                0x0000000008003710       0x44 ./build/lsm6dso_reg.o
                0x0000000008003710                lsm6dso_compression_algo_get
 .text.lsm6dso_fifo_virtual_sens_odr_chg_set
                0x0000000008003754       0x2e ./build/lsm6dso_reg.o
                0x0000000008003754                lsm6dso_fifo_virtual_sens_odr_chg_set
 .text.lsm6dso_fifo_virtual_sens_odr_chg_get
                0x0000000008003782       0x1c ./build/lsm6dso_reg.o
                0x0000000008003782                lsm6dso_fifo_virtual_sens_odr_chg_get
 .text.lsm6dso_compression_algo_real_time_set
                0x000000000800379e       0x2e ./build/lsm6dso_reg.o
                0x000000000800379e                lsm6dso_compression_algo_real_time_set
 .text.lsm6dso_compression_algo_real_time_get
                0x00000000080037cc       0x1c ./build/lsm6dso_reg.o
                0x00000000080037cc                lsm6dso_compression_algo_real_time_get
 .text.lsm6dso_fifo_stop_on_wtm_set
                0x00000000080037e8       0x2e ./build/lsm6dso_reg.o
                0x00000000080037e8                lsm6dso_fifo_stop_on_wtm_set
 .text.lsm6dso_fifo_stop_on_wtm_get
                0x0000000008003816       0x1c ./build/lsm6dso_reg.o
                0x0000000008003816                lsm6dso_fifo_stop_on_wtm_get
 .text.lsm6dso_fifo_xl_batch_set
                0x0000000008003832       0x2e ./build/lsm6dso_reg.o
                0x0000000008003832                lsm6dso_fifo_xl_batch_set
 .text.lsm6dso_fifo_xl_batch_get
                0x0000000008003860       0x5e ./build/lsm6dso_reg.o
                0x0000000008003860                lsm6dso_fifo_xl_batch_get
 .text.lsm6dso_fifo_gy_batch_set
                0x00000000080038be       0x2e ./build/lsm6dso_reg.o
                0x00000000080038be                lsm6dso_fifo_gy_batch_set
 .text.lsm6dso_fifo_gy_batch_get
                0x00000000080038ec       0x5c ./build/lsm6dso_reg.o
                0x00000000080038ec                lsm6dso_fifo_gy_batch_get
 .text.lsm6dso_fifo_mode_set
                0x0000000008003948       0x2e ./build/lsm6dso_reg.o
                0x0000000008003948                lsm6dso_fifo_mode_set
 .text.lsm6dso_fifo_mode_get
                0x0000000008003976       0x44 ./build/lsm6dso_reg.o
                0x0000000008003976                lsm6dso_fifo_mode_get
 .text.lsm6dso_fifo_temp_batch_set
                0x00000000080039ba       0x2e ./build/lsm6dso_reg.o
                0x00000000080039ba                lsm6dso_fifo_temp_batch_set
 .text.lsm6dso_fifo_temp_batch_get
                0x00000000080039e8       0x2e ./build/lsm6dso_reg.o
                0x00000000080039e8                lsm6dso_fifo_temp_batch_get
 .text.lsm6dso_fifo_timestamp_decimation_set
                0x0000000008003a16       0x2e ./build/lsm6dso_reg.o
                0x0000000008003a16                lsm6dso_fifo_timestamp_decimation_set
 .text.lsm6dso_fifo_timestamp_decimation_get
                0x0000000008003a44       0x30 ./build/lsm6dso_reg.o
                0x0000000008003a44                lsm6dso_fifo_timestamp_decimation_get
 .text.lsm6dso_fifo_cnt_event_batch_set
                0x0000000008003a74       0x2e ./build/lsm6dso_reg.o
                0x0000000008003a74                lsm6dso_fifo_cnt_event_batch_set
 .text.lsm6dso_fifo_cnt_event_batch_get
                0x0000000008003aa2       0x24 ./build/lsm6dso_reg.o
                0x0000000008003aa2                lsm6dso_fifo_cnt_event_batch_get
 .text.lsm6dso_rst_batch_counter_set
                0x0000000008003ac6       0x2e ./build/lsm6dso_reg.o
                0x0000000008003ac6                lsm6dso_rst_batch_counter_set
 .text.lsm6dso_rst_batch_counter_get
                0x0000000008003af4       0x1c ./build/lsm6dso_reg.o
                0x0000000008003af4                lsm6dso_rst_batch_counter_get
 .text.lsm6dso_batch_counter_threshold_set
                0x0000000008003b10       0x40 ./build/lsm6dso_reg.o
                0x0000000008003b10                lsm6dso_batch_counter_threshold_set
 .text.lsm6dso_batch_counter_threshold_get
                0x0000000008003b50       0x34 ./build/lsm6dso_reg.o
                0x0000000008003b50                lsm6dso_batch_counter_threshold_get
 .text.lsm6dso_fifo_data_level_get
                0x0000000008003b84       0x34 ./build/lsm6dso_reg.o
                0x0000000008003b84                lsm6dso_fifo_data_level_get
 .text.lsm6dso_fifo_status_get
                0x0000000008003bb8        0xa ./build/lsm6dso_reg.o
                0x0000000008003bb8                lsm6dso_fifo_status_get
 .text.lsm6dso_fifo_full_flag_get
                0x0000000008003bc2       0x1c ./build/lsm6dso_reg.o
                0x0000000008003bc2                lsm6dso_fifo_full_flag_get
 .text.lsm6dso_fifo_ovr_flag_get
                0x0000000008003bde       0x1c ./build/lsm6dso_reg.o
                0x0000000008003bde                lsm6dso_fifo_ovr_flag_get
 .text.lsm6dso_fifo_wtm_flag_get
                0x0000000008003bfa       0x1c ./build/lsm6dso_reg.o
                0x0000000008003bfa                lsm6dso_fifo_wtm_flag_get
 .text.lsm6dso_fifo_sensor_tag_get
                0x0000000008003c16       0x90 ./build/lsm6dso_reg.o
                0x0000000008003c16                lsm6dso_fifo_sensor_tag_get
 .text.lsm6dso_fifo_pedo_batch_set
                0x0000000008003ca6       0x42 ./build/lsm6dso_reg.o
                0x0000000008003ca6                lsm6dso_fifo_pedo_batch_set
 .text.lsm6dso_fifo_pedo_batch_get
                0x0000000008003ce8       0x32 ./build/lsm6dso_reg.o
                0x0000000008003ce8                lsm6dso_fifo_pedo_batch_get
 .text.lsm6dso_sh_batch_slave_0_set
                0x0000000008003d1a       0x42 ./build/lsm6dso_reg.o
                0x0000000008003d1a                lsm6dso_sh_batch_slave_0_set
 .text.lsm6dso_sh_batch_slave_0_get
                0x0000000008003d5c       0x32 ./build/lsm6dso_reg.o
                0x0000000008003d5c                lsm6dso_sh_batch_slave_0_get
 .text.lsm6dso_sh_batch_slave_1_set
                0x0000000008003d8e       0x42 ./build/lsm6dso_reg.o
                0x0000000008003d8e                lsm6dso_sh_batch_slave_1_set
 .text.lsm6dso_sh_batch_slave_1_get
                0x0000000008003dd0       0x32 ./build/lsm6dso_reg.o
                0x0000000008003dd0                lsm6dso_sh_batch_slave_1_get
 .text.lsm6dso_sh_batch_slave_2_set
                0x0000000008003e02       0x42 ./build/lsm6dso_reg.o
                0x0000000008003e02                lsm6dso_sh_batch_slave_2_set
 .text.lsm6dso_sh_batch_slave_2_get
                0x0000000008003e44       0x32 ./build/lsm6dso_reg.o
                0x0000000008003e44                lsm6dso_sh_batch_slave_2_get
 .text.lsm6dso_sh_batch_slave_3_set
                0x0000000008003e76       0x42 ./build/lsm6dso_reg.o
                0x0000000008003e76                lsm6dso_sh_batch_slave_3_set
 .text.lsm6dso_sh_batch_slave_3_get
                0x0000000008003eb8       0x32 ./build/lsm6dso_reg.o
                0x0000000008003eb8                lsm6dso_sh_batch_slave_3_get
 .text.lsm6dso_den_mode_set
                0x0000000008003eea       0x2e ./build/lsm6dso_reg.o
                0x0000000008003eea                lsm6dso_den_mode_set
 .text.lsm6dso_den_mode_get
                0x0000000008003f18       0x3c ./build/lsm6dso_reg.o
                0x0000000008003f18                lsm6dso_den_mode_get
 .text.lsm6dso_den_polarity_set
                0x0000000008003f54       0x2e ./build/lsm6dso_reg.o
                0x0000000008003f54                lsm6dso_den_polarity_set
 .text.lsm6dso_den_polarity_get
                0x0000000008003f82       0x24 ./build/lsm6dso_reg.o
                0x0000000008003f82                lsm6dso_den_polarity_get
 .text.lsm6dso_den_enable_set
                0x0000000008003fa6       0x2e ./build/lsm6dso_reg.o
                0x0000000008003fa6                lsm6dso_den_enable_set
 .text.lsm6dso_den_enable_get
                0x0000000008003fd4       0x2a ./build/lsm6dso_reg.o
                0x0000000008003fd4                lsm6dso_den_enable_get
 .text.lsm6dso_den_mark_axis_x_set
                0x0000000008003ffe       0x2e ./build/lsm6dso_reg.o
                0x0000000008003ffe                lsm6dso_den_mark_axis_x_set
 .text.lsm6dso_den_mark_axis_x_get
                0x000000000800402c       0x1c ./build/lsm6dso_reg.o
                0x000000000800402c                lsm6dso_den_mark_axis_x_get
 .text.lsm6dso_den_mark_axis_y_set
                0x0000000008004048       0x2e ./build/lsm6dso_reg.o
                0x0000000008004048                lsm6dso_den_mark_axis_y_set
 .text.lsm6dso_den_mark_axis_y_get
                0x0000000008004076       0x1c ./build/lsm6dso_reg.o
                0x0000000008004076                lsm6dso_den_mark_axis_y_get
 .text.lsm6dso_den_mark_axis_z_set
                0x0000000008004092       0x2e ./build/lsm6dso_reg.o
                0x0000000008004092                lsm6dso_den_mark_axis_z_set
 .text.lsm6dso_den_mark_axis_z_get
                0x00000000080040c0       0x1c ./build/lsm6dso_reg.o
                0x00000000080040c0                lsm6dso_den_mark_axis_z_get
 .text.lsm6dso_pedo_sens_set
                0x00000000080040dc       0xa8 ./build/lsm6dso_reg.o
                0x00000000080040dc                lsm6dso_pedo_sens_set
 .text.lsm6dso_pedo_sens_get
                0x0000000008004184       0x7e ./build/lsm6dso_reg.o
                0x0000000008004184                lsm6dso_pedo_sens_get
 .text.lsm6dso_pedo_step_detect_get
                0x0000000008004202       0x32 ./build/lsm6dso_reg.o
                0x0000000008004202                lsm6dso_pedo_step_detect_get
 .text.lsm6dso_pedo_debounce_steps_set
                0x0000000008004234        0xa ./build/lsm6dso_reg.o
                0x0000000008004234                lsm6dso_pedo_debounce_steps_set
 .text.lsm6dso_pedo_debounce_steps_get
                0x000000000800423e        0xa ./build/lsm6dso_reg.o
                0x000000000800423e                lsm6dso_pedo_debounce_steps_get
 .text.lsm6dso_pedo_steps_period_set
                0x0000000008004248       0x24 ./build/lsm6dso_reg.o
                0x0000000008004248                lsm6dso_pedo_steps_period_set
 .text.lsm6dso_pedo_steps_period_get
                0x000000000800426c       0x24 ./build/lsm6dso_reg.o
                0x000000000800426c                lsm6dso_pedo_steps_period_get
 .text.lsm6dso_pedo_int_mode_set
                0x0000000008004290       0x2e ./build/lsm6dso_reg.o
                0x0000000008004290                lsm6dso_pedo_int_mode_set
 .text.lsm6dso_pedo_int_mode_get
                0x00000000080042be       0x24 ./build/lsm6dso_reg.o
                0x00000000080042be                lsm6dso_pedo_int_mode_get
 .text.lsm6dso_motion_sens_set
                0x00000000080042e2       0x42 ./build/lsm6dso_reg.o
                0x00000000080042e2                lsm6dso_motion_sens_set
 .text.lsm6dso_motion_sens_get
                0x0000000008004324       0x32 ./build/lsm6dso_reg.o
                0x0000000008004324                lsm6dso_motion_sens_get
 .text.lsm6dso_motion_flag_data_ready_get
                0x0000000008004356       0x32 ./build/lsm6dso_reg.o
                0x0000000008004356                lsm6dso_motion_flag_data_ready_get
 .text.lsm6dso_tilt_sens_set
                0x0000000008004388       0x42 ./build/lsm6dso_reg.o
                0x0000000008004388                lsm6dso_tilt_sens_set
 .text.lsm6dso_tilt_sens_get
                0x00000000080043ca       0x32 ./build/lsm6dso_reg.o
                0x00000000080043ca                lsm6dso_tilt_sens_get
 .text.lsm6dso_tilt_flag_data_ready_get
                0x00000000080043fc       0x32 ./build/lsm6dso_reg.o
                0x00000000080043fc                lsm6dso_tilt_flag_data_ready_get
 .text.lsm6dso_mag_sensitivity_set
                0x000000000800442e       0x20 ./build/lsm6dso_reg.o
                0x000000000800442e                lsm6dso_mag_sensitivity_set
 .text.lsm6dso_mag_sensitivity_get
                0x000000000800444e       0x20 ./build/lsm6dso_reg.o
                0x000000000800444e                lsm6dso_mag_sensitivity_get
 .text.lsm6dso_mag_offset_set
                0x000000000800446e       0x50 ./build/lsm6dso_reg.o
                0x000000000800446e                lsm6dso_mag_offset_set
 .text.lsm6dso_mag_offset_get
                0x00000000080044be       0x50 ./build/lsm6dso_reg.o
                0x00000000080044be                lsm6dso_mag_offset_get
 .text.lsm6dso_mag_soft_iron_set
                0x000000000800450e       0xa4 ./build/lsm6dso_reg.o
                0x000000000800450e                lsm6dso_mag_soft_iron_set
 .text.lsm6dso_mag_soft_iron_get
                0x00000000080045b2       0xa4 ./build/lsm6dso_reg.o
                0x00000000080045b2                lsm6dso_mag_soft_iron_get
 .text.lsm6dso_mag_z_orient_set
                0x0000000008004656       0x2a ./build/lsm6dso_reg.o
                0x0000000008004656                lsm6dso_mag_z_orient_set
 .text.lsm6dso_mag_z_orient_get
                0x0000000008004680       0x40 ./build/lsm6dso_reg.o
                0x0000000008004680                lsm6dso_mag_z_orient_get
 .text.lsm6dso_mag_y_orient_set
                0x00000000080046c0       0x2a ./build/lsm6dso_reg.o
                0x00000000080046c0                lsm6dso_mag_y_orient_set
 .text.lsm6dso_mag_y_orient_get
                0x00000000080046ea       0x40 ./build/lsm6dso_reg.o
                0x00000000080046ea                lsm6dso_mag_y_orient_get
 .text.lsm6dso_mag_x_orient_set
                0x000000000800472a       0x2a ./build/lsm6dso_reg.o
                0x000000000800472a                lsm6dso_mag_x_orient_set
 .text.lsm6dso_mag_x_orient_get
                0x0000000008004754       0x40 ./build/lsm6dso_reg.o
                0x0000000008004754                lsm6dso_mag_x_orient_get
 .text.lsm6dso_long_cnt_flag_data_ready_get
                0x0000000008004794       0x32 ./build/lsm6dso_reg.o
                0x0000000008004794                lsm6dso_long_cnt_flag_data_ready_get
 .text.lsm6dso_emb_fsm_en_set
                0x00000000080047c6       0x42 ./build/lsm6dso_reg.o
                0x00000000080047c6                lsm6dso_emb_fsm_en_set
 .text.lsm6dso_emb_fsm_en_get
                0x0000000008004808       0x40 ./build/lsm6dso_reg.o
                0x0000000008004808                lsm6dso_emb_fsm_en_get
 .text.lsm6dso_fsm_enable_set
                0x0000000008004848       0xc4 ./build/lsm6dso_reg.o
                0x0000000008004848                lsm6dso_fsm_enable_set
 .text.lsm6dso_fsm_enable_get
                0x000000000800490c       0x2e ./build/lsm6dso_reg.o
                0x000000000800490c                lsm6dso_fsm_enable_get
 .text.lsm6dso_long_cnt_set
                0x000000000800493a       0x2e ./build/lsm6dso_reg.o
                0x000000000800493a                lsm6dso_long_cnt_set
 .text.lsm6dso_long_cnt_get
                0x0000000008004968       0x2e ./build/lsm6dso_reg.o
                0x0000000008004968                lsm6dso_long_cnt_get
 .text.lsm6dso_long_clr_set
                0x0000000008004996       0x42 ./build/lsm6dso_reg.o
                0x0000000008004996                lsm6dso_long_clr_set
 .text.lsm6dso_long_clr_get
                0x00000000080049d8       0x42 ./build/lsm6dso_reg.o
                0x00000000080049d8                lsm6dso_long_clr_get
 .text.lsm6dso_fsm_out_get
                0x0000000008004a1a       0x2e ./build/lsm6dso_reg.o
                0x0000000008004a1a                lsm6dso_fsm_out_get
 .text.lsm6dso_fsm_data_rate_set
                0x0000000008004a48       0x44 ./build/lsm6dso_reg.o
                0x0000000008004a48                lsm6dso_fsm_data_rate_set
 .text.lsm6dso_fsm_data_rate_get
                0x0000000008004a8c       0x42 ./build/lsm6dso_reg.o
                0x0000000008004a8c                lsm6dso_fsm_data_rate_get
 .text.lsm6dso_xl_data_rate_set
                0x0000000008004ace       0xda ./build/lsm6dso_reg.o
                0x0000000008004ace                lsm6dso_xl_data_rate_set
 .text.lsm6dso_gy_data_rate_set
                0x0000000008004ba8       0xda ./build/lsm6dso_reg.o
                0x0000000008004ba8                lsm6dso_gy_data_rate_set
 .text.lsm6dso_fsm_init_set
                0x0000000008004c82       0x42 ./build/lsm6dso_reg.o
                0x0000000008004c82                lsm6dso_fsm_init_set
 .text.lsm6dso_fsm_init_get
                0x0000000008004cc4       0x32 ./build/lsm6dso_reg.o
                0x0000000008004cc4                lsm6dso_fsm_init_get
 .text.lsm6dso_long_cnt_int_value_set
                0x0000000008004cf6       0x2e ./build/lsm6dso_reg.o
                0x0000000008004cf6                lsm6dso_long_cnt_int_value_set
 .text.lsm6dso_long_cnt_int_value_get
                0x0000000008004d24       0x34 ./build/lsm6dso_reg.o
                0x0000000008004d24                lsm6dso_long_cnt_int_value_get
 .text.lsm6dso_fsm_number_of_programs_set
                0x0000000008004d58       0x18 ./build/lsm6dso_reg.o
                0x0000000008004d58                lsm6dso_fsm_number_of_programs_set
 .text.lsm6dso_fsm_number_of_programs_get
                0x0000000008004d70        0xa ./build/lsm6dso_reg.o
                0x0000000008004d70                lsm6dso_fsm_number_of_programs_get
 .text.lsm6dso_fsm_start_address_set
                0x0000000008004d7a       0x2e ./build/lsm6dso_reg.o
                0x0000000008004d7a                lsm6dso_fsm_start_address_set
 .text.lsm6dso_fsm_start_address_get
                0x0000000008004da8       0x34 ./build/lsm6dso_reg.o
                0x0000000008004da8                lsm6dso_fsm_start_address_get
 .text.lsm6dso_sh_read_data_raw_get
                0x0000000008004ddc       0x30 ./build/lsm6dso_reg.o
                0x0000000008004ddc                lsm6dso_sh_read_data_raw_get
 .text.lsm6dso_sh_slave_connected_set
                0x0000000008004e0c       0x42 ./build/lsm6dso_reg.o
                0x0000000008004e0c                lsm6dso_sh_slave_connected_set
 .text.lsm6dso_sh_slave_connected_get
                0x0000000008004e4e       0x46 ./build/lsm6dso_reg.o
                0x0000000008004e4e                lsm6dso_sh_slave_connected_get
 .text.lsm6dso_sh_master_set
                0x0000000008004e94       0x42 ./build/lsm6dso_reg.o
                0x0000000008004e94                lsm6dso_sh_master_set
 .text.lsm6dso_sh_master_get
                0x0000000008004ed6       0x32 ./build/lsm6dso_reg.o
                0x0000000008004ed6                lsm6dso_sh_master_get
 .text.lsm6dso_sh_pin_mode_set
                0x0000000008004f08       0x42 ./build/lsm6dso_reg.o
                0x0000000008004f08                lsm6dso_sh_pin_mode_set
 .text.lsm6dso_sh_pin_mode_get
                0x0000000008004f4a       0x38 ./build/lsm6dso_reg.o
                0x0000000008004f4a                lsm6dso_sh_pin_mode_get
 .text.lsm6dso_sh_pass_through_set
                0x0000000008004f82       0x42 ./build/lsm6dso_reg.o
                0x0000000008004f82                lsm6dso_sh_pass_through_set
 .text.lsm6dso_sh_pass_through_get
                0x0000000008004fc4       0x32 ./build/lsm6dso_reg.o
                0x0000000008004fc4                lsm6dso_sh_pass_through_get
 .text.lsm6dso_sh_syncro_mode_set
                0x0000000008004ff6       0x42 ./build/lsm6dso_reg.o
                0x0000000008004ff6                lsm6dso_sh_syncro_mode_set
 .text.lsm6dso_sh_syncro_mode_get
                0x0000000008005038       0x38 ./build/lsm6dso_reg.o
                0x0000000008005038                lsm6dso_sh_syncro_mode_get
 .text.lsm6dso_sh_write_mode_set
                0x0000000008005070       0x42 ./build/lsm6dso_reg.o
                0x0000000008005070                lsm6dso_sh_write_mode_set
 .text.lsm6dso_sh_write_mode_get
                0x00000000080050b2       0x38 ./build/lsm6dso_reg.o
                0x00000000080050b2                lsm6dso_sh_write_mode_get
 .text.lsm6dso_sh_reset_set
                0x00000000080050ea       0x5a ./build/lsm6dso_reg.o
                0x00000000080050ea                lsm6dso_sh_reset_set
 .text.lsm6dso_sh_reset_get
                0x0000000008005144       0x32 ./build/lsm6dso_reg.o
                0x0000000008005144                lsm6dso_sh_reset_get
 .text.lsm6dso_sh_data_rate_set
                0x0000000008005176       0x42 ./build/lsm6dso_reg.o
                0x0000000008005176                lsm6dso_sh_data_rate_set
 .text.lsm6dso_sh_data_rate_get
                0x00000000080051b8       0x44 ./build/lsm6dso_reg.o
                0x00000000080051b8                lsm6dso_sh_data_rate_get
 .text.lsm6dso_sh_cfg_write
                0x00000000080051fc       0x4c ./build/lsm6dso_reg.o
                0x00000000080051fc                lsm6dso_sh_cfg_write
 .text.lsm6dso_sh_slv0_cfg_read
                0x0000000008005248       0x6c ./build/lsm6dso_reg.o
                0x0000000008005248                lsm6dso_sh_slv0_cfg_read
 .text.lsm6dso_sh_slv1_cfg_read
                0x00000000080052b4       0x6c ./build/lsm6dso_reg.o
                0x00000000080052b4                lsm6dso_sh_slv1_cfg_read
 .text.lsm6dso_sh_slv2_cfg_read
                0x0000000008005320       0x6c ./build/lsm6dso_reg.o
                0x0000000008005320                lsm6dso_sh_slv2_cfg_read
 .text.lsm6dso_sh_slv3_cfg_read
                0x000000000800538c       0x6c ./build/lsm6dso_reg.o
                0x000000000800538c                lsm6dso_sh_slv3_cfg_read
 .text.lsm6dso_sh_status_get
                0x00000000080053f8       0x2e ./build/lsm6dso_reg.o
                0x00000000080053f8                lsm6dso_sh_status_get
 .text.HAL_I2CEx_ConfigAnalogFilter
                0x0000000008005426       0x4c ./build/stm32l4xx_hal_i2c_ex.o
                0x0000000008005426                HAL_I2CEx_ConfigAnalogFilter
 .text.HAL_I2CEx_ConfigDigitalFilter
                0x0000000008005472       0x4a ./build/stm32l4xx_hal_i2c_ex.o
                0x0000000008005472                HAL_I2CEx_ConfigDigitalFilter
 .text.HAL_I2CEx_EnableWakeUp
                0x00000000080054bc       0x44 ./build/stm32l4xx_hal_i2c_ex.o
                0x00000000080054bc                HAL_I2CEx_EnableWakeUp
 .text.HAL_I2CEx_DisableWakeUp
                0x0000000008005500       0x44 ./build/stm32l4xx_hal_i2c_ex.o
                0x0000000008005500                HAL_I2CEx_DisableWakeUp
 .text.HAL_I2CEx_EnableFastModePlus
                0x0000000008005544       0x2c ./build/stm32l4xx_hal_i2c_ex.o
                0x0000000008005544                HAL_I2CEx_EnableFastModePlus
 .text.HAL_I2CEx_DisableFastModePlus
                0x0000000008005570       0x2c ./build/stm32l4xx_hal_i2c_ex.o
                0x0000000008005570                HAL_I2CEx_DisableFastModePlus
 .text.HAL_MspInit
                0x000000000800559c        0x2 ./build/stm32l4xx_hal.o
                0x000000000800559c                HAL_MspInit
 .text.HAL_MspDeInit
                0x000000000800559e        0x2 ./build/stm32l4xx_hal.o
                0x000000000800559e                HAL_MspDeInit
 .text.HAL_DeInit
                0x00000000080055a0       0x2c ./build/stm32l4xx_hal.o
                0x00000000080055a0                HAL_DeInit
 .text.HAL_InitTick
                0x00000000080055cc       0x4c ./build/stm32l4xx_hal.o
                0x00000000080055cc                HAL_InitTick
 .text.HAL_Init
                0x0000000008005618       0x1e ./build/stm32l4xx_hal.o
                0x0000000008005618                HAL_Init
 *fill*         0x0000000008005636        0x2 
 .text.HAL_IncTick
                0x0000000008005638       0x18 ./build/stm32l4xx_hal.o
                0x0000000008005638                HAL_IncTick
 .text.HAL_GetTick
                0x0000000008005650        0xc ./build/stm32l4xx_hal.o
                0x0000000008005650                HAL_GetTick
 .text.HAL_GetTickPrio
                0x000000000800565c        0xc ./build/stm32l4xx_hal.o
                0x000000000800565c                HAL_GetTickPrio
 .text.HAL_SetTickFreq
                0x0000000008005668       0x28 ./build/stm32l4xx_hal.o
                0x0000000008005668                HAL_SetTickFreq
 .text.HAL_GetTickFreq
                0x0000000008005690        0xc ./build/stm32l4xx_hal.o
                0x0000000008005690                HAL_GetTickFreq
 .text.HAL_Delay
                0x000000000800569c       0x28 ./build/stm32l4xx_hal.o
                0x000000000800569c                HAL_Delay
 .text.HAL_SuspendTick
                0x00000000080056c4       0x10 ./build/stm32l4xx_hal.o
                0x00000000080056c4                HAL_SuspendTick
 .text.HAL_ResumeTick
                0x00000000080056d4       0x10 ./build/stm32l4xx_hal.o
                0x00000000080056d4                HAL_ResumeTick
 .text.HAL_GetHalVersion
                0x00000000080056e4        0x6 ./build/stm32l4xx_hal.o
                0x00000000080056e4                HAL_GetHalVersion
 *fill*         0x00000000080056ea        0x2 
 .text.HAL_GetREVID
                0x00000000080056ec        0xc ./build/stm32l4xx_hal.o
                0x00000000080056ec                HAL_GetREVID
 .text.HAL_GetDEVID
                0x00000000080056f8       0x10 ./build/stm32l4xx_hal.o
                0x00000000080056f8                HAL_GetDEVID
 .text.HAL_GetUIDw0
                0x0000000008005708        0xc ./build/stm32l4xx_hal.o
                0x0000000008005708                HAL_GetUIDw0
 .text.HAL_GetUIDw1
                0x0000000008005714        0xc ./build/stm32l4xx_hal.o
                0x0000000008005714                HAL_GetUIDw1
 .text.HAL_GetUIDw2
                0x0000000008005720        0xc ./build/stm32l4xx_hal.o
                0x0000000008005720                HAL_GetUIDw2
 .text.HAL_DBGMCU_EnableDBGSleepMode
                0x000000000800572c       0x10 ./build/stm32l4xx_hal.o
                0x000000000800572c                HAL_DBGMCU_EnableDBGSleepMode
 .text.HAL_DBGMCU_DisableDBGSleepMode
                0x000000000800573c       0x10 ./build/stm32l4xx_hal.o
                0x000000000800573c                HAL_DBGMCU_DisableDBGSleepMode
 .text.HAL_DBGMCU_EnableDBGStopMode
                0x000000000800574c       0x10 ./build/stm32l4xx_hal.o
                0x000000000800574c                HAL_DBGMCU_EnableDBGStopMode
 .text.HAL_DBGMCU_DisableDBGStopMode
                0x000000000800575c       0x10 ./build/stm32l4xx_hal.o
                0x000000000800575c                HAL_DBGMCU_DisableDBGStopMode
 .text.HAL_DBGMCU_EnableDBGStandbyMode
                0x000000000800576c       0x10 ./build/stm32l4xx_hal.o
                0x000000000800576c                HAL_DBGMCU_EnableDBGStandbyMode
 .text.HAL_DBGMCU_DisableDBGStandbyMode
                0x000000000800577c       0x10 ./build/stm32l4xx_hal.o
                0x000000000800577c                HAL_DBGMCU_DisableDBGStandbyMode
 .text.HAL_SYSCFG_SRAM2Erase
                0x000000000800578c       0x1c ./build/stm32l4xx_hal.o
                0x000000000800578c                HAL_SYSCFG_SRAM2Erase
 .text.HAL_SYSCFG_EnableMemorySwappingBank
                0x00000000080057a8        0xc ./build/stm32l4xx_hal.o
                0x00000000080057a8                HAL_SYSCFG_EnableMemorySwappingBank
 .text.HAL_SYSCFG_DisableMemorySwappingBank
                0x00000000080057b4        0xc ./build/stm32l4xx_hal.o
                0x00000000080057b4                HAL_SYSCFG_DisableMemorySwappingBank
 .text.HAL_SYSCFG_VREFBUF_VoltageScalingConfig
                0x00000000080057c0       0x14 ./build/stm32l4xx_hal.o
                0x00000000080057c0                HAL_SYSCFG_VREFBUF_VoltageScalingConfig
 .text.HAL_SYSCFG_VREFBUF_HighImpedanceConfig
                0x00000000080057d4       0x14 ./build/stm32l4xx_hal.o
                0x00000000080057d4                HAL_SYSCFG_VREFBUF_HighImpedanceConfig
 .text.HAL_SYSCFG_VREFBUF_TrimmingConfig
                0x00000000080057e8       0x14 ./build/stm32l4xx_hal.o
                0x00000000080057e8                HAL_SYSCFG_VREFBUF_TrimmingConfig
 .text.HAL_SYSCFG_EnableVREFBUF
                0x00000000080057fc       0x30 ./build/stm32l4xx_hal.o
                0x00000000080057fc                HAL_SYSCFG_EnableVREFBUF
 .text.HAL_SYSCFG_DisableVREFBUF
                0x000000000800582c       0x10 ./build/stm32l4xx_hal.o
                0x000000000800582c                HAL_SYSCFG_DisableVREFBUF
 .text.HAL_SYSCFG_EnableIOAnalogSwitchBooster
                0x000000000800583c       0x10 ./build/stm32l4xx_hal.o
                0x000000000800583c                HAL_SYSCFG_EnableIOAnalogSwitchBooster
 .text.HAL_SYSCFG_DisableIOAnalogSwitchBooster
                0x000000000800584c       0x10 ./build/stm32l4xx_hal.o
                0x000000000800584c                HAL_SYSCFG_DisableIOAnalogSwitchBooster
 .text.HAL_NVIC_SetPriorityGrouping
                0x000000000800585c       0x24 ./build/stm32l4xx_hal_cortex.o
                0x000000000800585c                HAL_NVIC_SetPriorityGrouping
 .text.HAL_NVIC_SetPriority
                0x0000000008005880       0x64 ./build/stm32l4xx_hal_cortex.o
                0x0000000008005880                HAL_NVIC_SetPriority
 .text.HAL_NVIC_EnableIRQ
                0x00000000080058e4       0x1c ./build/stm32l4xx_hal_cortex.o
                0x00000000080058e4                HAL_NVIC_EnableIRQ
 .text.HAL_NVIC_DisableIRQ
                0x0000000008005900       0x28 ./build/stm32l4xx_hal_cortex.o
                0x0000000008005900                HAL_NVIC_DisableIRQ
 .text.HAL_NVIC_SystemReset
                0x0000000008005928       0x24 ./build/stm32l4xx_hal_cortex.o
                0x0000000008005928                HAL_NVIC_SystemReset
 .text.HAL_SYSTICK_Config
                0x000000000800594c       0x2c ./build/stm32l4xx_hal_cortex.o
                0x000000000800594c                HAL_SYSTICK_Config
 .text.HAL_NVIC_GetPriorityGrouping
                0x0000000008005978       0x10 ./build/stm32l4xx_hal_cortex.o
                0x0000000008005978                HAL_NVIC_GetPriorityGrouping
 .text.HAL_NVIC_GetPriority
                0x0000000008005988       0x5c ./build/stm32l4xx_hal_cortex.o
                0x0000000008005988                HAL_NVIC_GetPriority
 .text.HAL_NVIC_SetPendingIRQ
                0x00000000080059e4       0x20 ./build/stm32l4xx_hal_cortex.o
                0x00000000080059e4                HAL_NVIC_SetPendingIRQ
 .text.HAL_NVIC_GetPendingIRQ
                0x0000000008005a04       0x24 ./build/stm32l4xx_hal_cortex.o
                0x0000000008005a04                HAL_NVIC_GetPendingIRQ
 .text.HAL_NVIC_ClearPendingIRQ
                0x0000000008005a28       0x20 ./build/stm32l4xx_hal_cortex.o
                0x0000000008005a28                HAL_NVIC_ClearPendingIRQ
 .text.HAL_NVIC_GetActive
                0x0000000008005a48       0x24 ./build/stm32l4xx_hal_cortex.o
                0x0000000008005a48                HAL_NVIC_GetActive
 .text.HAL_SYSTICK_CLKSourceConfig
                0x0000000008005a6c       0x18 ./build/stm32l4xx_hal_cortex.o
                0x0000000008005a6c                HAL_SYSTICK_CLKSourceConfig
 .text.HAL_SYSTICK_Callback
                0x0000000008005a84        0x2 ./build/stm32l4xx_hal_cortex.o
                0x0000000008005a84                HAL_SYSTICK_Callback
 .text.HAL_SYSTICK_IRQHandler
                0x0000000008005a86        0x8 ./build/stm32l4xx_hal_cortex.o
                0x0000000008005a86                HAL_SYSTICK_IRQHandler
 *fill*         0x0000000008005a8e        0x2 
 .text.HAL_MPU_Disable
                0x0000000008005a90       0x20 ./build/stm32l4xx_hal_cortex.o
                0x0000000008005a90                HAL_MPU_Disable
 .text.HAL_MPU_Enable
                0x0000000008005ab0       0x24 ./build/stm32l4xx_hal_cortex.o
                0x0000000008005ab0                HAL_MPU_Enable
 .text.HAL_MPU_ConfigRegion
                0x0000000008005ad4       0x50 ./build/stm32l4xx_hal_cortex.o
                0x0000000008005ad4                HAL_MPU_ConfigRegion
 .text.RCC_SetFlashLatencyFromMSIRange
                0x0000000008005b24       0x84 ./build/stm32l4xx_hal_rcc.o
 .text.HAL_RCC_DeInit
                0x0000000008005ba8       0xe0 ./build/stm32l4xx_hal_rcc.o
                0x0000000008005ba8                HAL_RCC_DeInit
 .text.HAL_RCC_MCOConfig
                0x0000000008005c88       0x50 ./build/stm32l4xx_hal_rcc.o
                0x0000000008005c88                HAL_RCC_MCOConfig
 .text.HAL_RCC_GetSysClockFreq
                0x0000000008005cd8       0x9c ./build/stm32l4xx_hal_rcc.o
                0x0000000008005cd8                HAL_RCC_GetSysClockFreq
 .text.HAL_RCC_OscConfig
                0x0000000008005d74      0x4c4 ./build/stm32l4xx_hal_rcc.o
                0x0000000008005d74                HAL_RCC_OscConfig
 .text.HAL_RCC_ClockConfig
                0x0000000008006238      0x128 ./build/stm32l4xx_hal_rcc.o
                0x0000000008006238                HAL_RCC_ClockConfig
 .text.HAL_RCC_GetHCLKFreq
                0x0000000008006360        0xc ./build/stm32l4xx_hal_rcc.o
                0x0000000008006360                HAL_RCC_GetHCLKFreq
 .text.HAL_RCC_GetPCLK1Freq
                0x000000000800636c       0x24 ./build/stm32l4xx_hal_rcc.o
                0x000000000800636c                HAL_RCC_GetPCLK1Freq
 .text.HAL_RCC_GetPCLK2Freq
                0x0000000008006390       0x24 ./build/stm32l4xx_hal_rcc.o
                0x0000000008006390                HAL_RCC_GetPCLK2Freq
 .text.HAL_RCC_GetOscConfig
                0x00000000080063b4       0xc4 ./build/stm32l4xx_hal_rcc.o
                0x00000000080063b4                HAL_RCC_GetOscConfig
 .text.HAL_RCC_GetClockConfig
                0x0000000008006478       0x3c ./build/stm32l4xx_hal_rcc.o
                0x0000000008006478                HAL_RCC_GetClockConfig
 .text.HAL_RCC_EnableCSS
                0x00000000080064b4       0x10 ./build/stm32l4xx_hal_rcc.o
                0x00000000080064b4                HAL_RCC_EnableCSS
 .text.HAL_RCC_CSSCallback
                0x00000000080064c4        0x2 ./build/stm32l4xx_hal_rcc.o
                0x00000000080064c4                HAL_RCC_CSSCallback
 *fill*         0x00000000080064c6        0x2 
 .text.HAL_RCC_NMI_IRQHandler
                0x00000000080064c8       0x1c ./build/stm32l4xx_hal_rcc.o
                0x00000000080064c8                HAL_RCC_NMI_IRQHandler
 .text.HAL_PWREx_GetVoltageRange
                0x00000000080064e4       0x10 ./build/stm32l4xx_hal_pwr_ex.o
                0x00000000080064e4                HAL_PWREx_GetVoltageRange
 .text.HAL_PWREx_ControlVoltageScaling
                0x00000000080064f4       0x6c ./build/stm32l4xx_hal_pwr_ex.o
                0x00000000080064f4                HAL_PWREx_ControlVoltageScaling
 .text.HAL_PWREx_EnableBatteryCharging
                0x0000000008006560       0x1c ./build/stm32l4xx_hal_pwr_ex.o
                0x0000000008006560                HAL_PWREx_EnableBatteryCharging
 .text.HAL_PWREx_DisableBatteryCharging
                0x000000000800657c       0x10 ./build/stm32l4xx_hal_pwr_ex.o
                0x000000000800657c                HAL_PWREx_DisableBatteryCharging
 .text.HAL_PWREx_EnableVddUSB
                0x000000000800658c       0x10 ./build/stm32l4xx_hal_pwr_ex.o
                0x000000000800658c                HAL_PWREx_EnableVddUSB
 .text.HAL_PWREx_DisableVddUSB
                0x000000000800659c       0x10 ./build/stm32l4xx_hal_pwr_ex.o
                0x000000000800659c                HAL_PWREx_DisableVddUSB
 .text.HAL_PWREx_EnableVddIO2
                0x00000000080065ac       0x10 ./build/stm32l4xx_hal_pwr_ex.o
                0x00000000080065ac                HAL_PWREx_EnableVddIO2
 .text.HAL_PWREx_DisableVddIO2
                0x00000000080065bc       0x10 ./build/stm32l4xx_hal_pwr_ex.o
                0x00000000080065bc                HAL_PWREx_DisableVddIO2
 .text.HAL_PWREx_EnableInternalWakeUpLine
                0x00000000080065cc       0x10 ./build/stm32l4xx_hal_pwr_ex.o
                0x00000000080065cc                HAL_PWREx_EnableInternalWakeUpLine
 .text.HAL_PWREx_DisableInternalWakeUpLine
                0x00000000080065dc       0x10 ./build/stm32l4xx_hal_pwr_ex.o
                0x00000000080065dc                HAL_PWREx_DisableInternalWakeUpLine
 .text.HAL_PWREx_EnableGPIOPullUp
                0x00000000080065ec       0xbc ./build/stm32l4xx_hal_pwr_ex.o
                0x00000000080065ec                HAL_PWREx_EnableGPIOPullUp
 .text.HAL_PWREx_DisableGPIOPullUp
                0x00000000080066a8       0x84 ./build/stm32l4xx_hal_pwr_ex.o
                0x00000000080066a8                HAL_PWREx_DisableGPIOPullUp
 .text.HAL_PWREx_EnableGPIOPullDown
                0x000000000800672c       0xbc ./build/stm32l4xx_hal_pwr_ex.o
                0x000000000800672c                HAL_PWREx_EnableGPIOPullDown
 .text.HAL_PWREx_DisableGPIOPullDown
                0x00000000080067e8       0x88 ./build/stm32l4xx_hal_pwr_ex.o
                0x00000000080067e8                HAL_PWREx_DisableGPIOPullDown
 .text.HAL_PWREx_EnablePullUpPullDownConfig
                0x0000000008006870       0x10 ./build/stm32l4xx_hal_pwr_ex.o
                0x0000000008006870                HAL_PWREx_EnablePullUpPullDownConfig
 .text.HAL_PWREx_DisablePullUpPullDownConfig
                0x0000000008006880       0x10 ./build/stm32l4xx_hal_pwr_ex.o
                0x0000000008006880                HAL_PWREx_DisablePullUpPullDownConfig
 .text.HAL_PWREx_EnableSRAM2ContentRetention
                0x0000000008006890       0x10 ./build/stm32l4xx_hal_pwr_ex.o
                0x0000000008006890                HAL_PWREx_EnableSRAM2ContentRetention
 .text.HAL_PWREx_DisableSRAM2ContentRetention
                0x00000000080068a0       0x10 ./build/stm32l4xx_hal_pwr_ex.o
                0x00000000080068a0                HAL_PWREx_DisableSRAM2ContentRetention
 .text.HAL_PWREx_EnablePVM1
                0x00000000080068b0       0x10 ./build/stm32l4xx_hal_pwr_ex.o
                0x00000000080068b0                HAL_PWREx_EnablePVM1
 .text.HAL_PWREx_DisablePVM1
                0x00000000080068c0       0x10 ./build/stm32l4xx_hal_pwr_ex.o
                0x00000000080068c0                HAL_PWREx_DisablePVM1
 .text.HAL_PWREx_EnablePVM2
                0x00000000080068d0       0x10 ./build/stm32l4xx_hal_pwr_ex.o
                0x00000000080068d0                HAL_PWREx_EnablePVM2
 .text.HAL_PWREx_DisablePVM2
                0x00000000080068e0       0x10 ./build/stm32l4xx_hal_pwr_ex.o
                0x00000000080068e0                HAL_PWREx_DisablePVM2
 .text.HAL_PWREx_EnablePVM3
                0x00000000080068f0       0x10 ./build/stm32l4xx_hal_pwr_ex.o
                0x00000000080068f0                HAL_PWREx_EnablePVM3
 .text.HAL_PWREx_DisablePVM3
                0x0000000008006900       0x10 ./build/stm32l4xx_hal_pwr_ex.o
                0x0000000008006900                HAL_PWREx_DisablePVM3
 .text.HAL_PWREx_EnablePVM4
                0x0000000008006910       0x10 ./build/stm32l4xx_hal_pwr_ex.o
                0x0000000008006910                HAL_PWREx_EnablePVM4
 .text.HAL_PWREx_DisablePVM4
                0x0000000008006920       0x10 ./build/stm32l4xx_hal_pwr_ex.o
                0x0000000008006920                HAL_PWREx_DisablePVM4
 .text.HAL_PWREx_ConfigPVM
                0x0000000008006930      0x174 ./build/stm32l4xx_hal_pwr_ex.o
                0x0000000008006930                HAL_PWREx_ConfigPVM
 .text.HAL_PWREx_EnableLowPowerRunMode
                0x0000000008006aa4       0x10 ./build/stm32l4xx_hal_pwr_ex.o
                0x0000000008006aa4                HAL_PWREx_EnableLowPowerRunMode
 .text.HAL_PWREx_DisableLowPowerRunMode
                0x0000000008006ab4       0x44 ./build/stm32l4xx_hal_pwr_ex.o
                0x0000000008006ab4                HAL_PWREx_DisableLowPowerRunMode
 .text.HAL_PWREx_EnterSTOP0Mode
                0x0000000008006af8       0x34 ./build/stm32l4xx_hal_pwr_ex.o
                0x0000000008006af8                HAL_PWREx_EnterSTOP0Mode
 .text.HAL_PWREx_EnterSTOP1Mode
                0x0000000008006b2c       0x38 ./build/stm32l4xx_hal_pwr_ex.o
                0x0000000008006b2c                HAL_PWREx_EnterSTOP1Mode
 .text.HAL_PWREx_EnterSTOP2Mode
                0x0000000008006b64       0x38 ./build/stm32l4xx_hal_pwr_ex.o
                0x0000000008006b64                HAL_PWREx_EnterSTOP2Mode
 .text.HAL_PWREx_EnterSHUTDOWNMode
                0x0000000008006b9c       0x24 ./build/stm32l4xx_hal_pwr_ex.o
                0x0000000008006b9c                HAL_PWREx_EnterSHUTDOWNMode
 .text.HAL_PWREx_PVM1Callback
                0x0000000008006bc0        0x2 ./build/stm32l4xx_hal_pwr_ex.o
                0x0000000008006bc0                HAL_PWREx_PVM1Callback
 .text.HAL_PWREx_PVM2Callback
                0x0000000008006bc2        0x2 ./build/stm32l4xx_hal_pwr_ex.o
                0x0000000008006bc2                HAL_PWREx_PVM2Callback
 .text.HAL_PWREx_PVM3Callback
                0x0000000008006bc4        0x2 ./build/stm32l4xx_hal_pwr_ex.o
                0x0000000008006bc4                HAL_PWREx_PVM3Callback
 .text.HAL_PWREx_PVM4Callback
                0x0000000008006bc6        0x2 ./build/stm32l4xx_hal_pwr_ex.o
                0x0000000008006bc6                HAL_PWREx_PVM4Callback
 .text.HAL_PWREx_PVD_PVM_IRQHandler
                0x0000000008006bc8       0x54 ./build/stm32l4xx_hal_pwr_ex.o
                0x0000000008006bc8                HAL_PWREx_PVD_PVM_IRQHandler
 .text.HAL_GPIO_Init
                0x0000000008006c1c      0x1bc ./build/stm32l4xx_hal_gpio.o
                0x0000000008006c1c                HAL_GPIO_Init
 .text.HAL_GPIO_DeInit
                0x0000000008006dd8      0x11c ./build/stm32l4xx_hal_gpio.o
                0x0000000008006dd8                HAL_GPIO_DeInit
 .text.HAL_GPIO_ReadPin
                0x0000000008006ef4        0xc ./build/stm32l4xx_hal_gpio.o
                0x0000000008006ef4                HAL_GPIO_ReadPin
 .text.HAL_GPIO_WritePin
                0x0000000008006f00        0xa ./build/stm32l4xx_hal_gpio.o
                0x0000000008006f00                HAL_GPIO_WritePin
 .text.HAL_GPIO_TogglePin
                0x0000000008006f0a        0xc ./build/stm32l4xx_hal_gpio.o
                0x0000000008006f0a                HAL_GPIO_TogglePin
 .text.HAL_GPIO_LockPin
                0x0000000008006f16       0x2a ./build/stm32l4xx_hal_gpio.o
                0x0000000008006f16                HAL_GPIO_LockPin
 .text.HAL_GPIO_EXTI_Callback
                0x0000000008006f40        0x2 ./build/stm32l4xx_hal_gpio.o